Archive member included to satisfy reference by file (symbol)

/opt/libdragon/bin/../lib/gcc/mips64-elf/14.2.0/../../../../mips64-elf/lib/libdragon.a(n64sys.o)
                              /opt/libdragon/bin/../lib/gcc/mips64-elf/14.2.0/../../../../mips64-elf/lib/libt3d.a (data_cache_hit_writeback)
/opt/libdragon/bin/../lib/gcc/mips64-elf/14.2.0/../../../../mips64-elf/lib/libdragon.a(interrupt.o)
                              /opt/libdragon/bin/../lib/gcc/mips64-elf/14.2.0/../../../../mips64-elf/lib/libdragon.a(n64sys.o) (disable_interrupts)
/opt/libdragon/bin/../lib/gcc/mips64-elf/14.2.0/../../../../mips64-elf/lib/libdragon.a(fmath.o)
                              /opt/libdragon/bin/../lib/gcc/mips64-elf/14.2.0/../../../../mips64-elf/lib/libt3d.a (fm_sinf)
/opt/libdragon/bin/../lib/gcc/mips64-elf/14.2.0/../../../../mips64-elf/lib/libdragon.a(entrypoint.o)
                              (_start)
/opt/libdragon/bin/../lib/gcc/mips64-elf/14.2.0/../../../../mips64-elf/lib/libdragon.a(debug.o)
                              /opt/libdragon/bin/../lib/gcc/mips64-elf/14.2.0/../../../../mips64-elf/lib/libt3d.a (debug_assert_func_f)
/opt/libdragon/bin/../lib/gcc/mips64-elf/14.2.0/../../../../mips64-elf/lib/libdragon.a(usb.o)
                              /opt/libdragon/bin/../lib/gcc/mips64-elf/14.2.0/../../../../mips64-elf/lib/libdragon.a(debug.o) (usb_write)
/opt/libdragon/bin/../lib/gcc/mips64-elf/14.2.0/../../../../mips64-elf/lib/libdragon.a(cart.o)
                              /opt/libdragon/bin/../lib/gcc/mips64-elf/14.2.0/../../../../mips64-elf/lib/libdragon.a(debug.o) (cart_init)
/opt/libdragon/bin/../lib/gcc/mips64-elf/14.2.0/../../../../mips64-elf/lib/libdragon.a(ff.o)
                              /opt/libdragon/bin/../lib/gcc/mips64-elf/14.2.0/../../../../mips64-elf/lib/libdragon.a(debug.o) (f_mount)
/opt/libdragon/bin/../lib/gcc/mips64-elf/14.2.0/../../../../mips64-elf/lib/libdragon.a(ffunicode.o)
                              /opt/libdragon/bin/../lib/gcc/mips64-elf/14.2.0/../../../../mips64-elf/lib/libdragon.a(ff.o) (ff_uni2oem)
/opt/libdragon/bin/../lib/gcc/mips64-elf/14.2.0/../../../../mips64-elf/lib/libdragon.a(fat.o)
                              /opt/libdragon/bin/../lib/gcc/mips64-elf/14.2.0/../../../../mips64-elf/lib/libdragon.a(ff.o) (disk_initialize)
/opt/libdragon/bin/../lib/gcc/mips64-elf/14.2.0/../../../../mips64-elf/lib/libdragon.a(dragonfs.o)
                              build/main.o (dfs_init)
/opt/libdragon/bin/../lib/gcc/mips64-elf/14.2.0/../../../../mips64-elf/lib/libdragon.a(display.o)
                              build/main.o (display_init)
/opt/libdragon/bin/../lib/gcc/mips64-elf/14.2.0/../../../../mips64-elf/lib/libdragon.a(surface.o)
                              /opt/libdragon/bin/../lib/gcc/mips64-elf/14.2.0/../../../../mips64-elf/lib/libdragon.a(display.o) (surface_alloc)
/opt/libdragon/bin/../lib/gcc/mips64-elf/14.2.0/../../../../mips64-elf/lib/libdragon.a(asset.o)
                              /opt/libdragon/bin/../lib/gcc/mips64-elf/14.2.0/../../../../mips64-elf/lib/libt3d.a (asset_load)
/opt/libdragon/bin/../lib/gcc/mips64-elf/14.2.0/../../../../mips64-elf/lib/libdragon.a(lz4_dec.o)
                              /opt/libdragon/bin/../lib/gcc/mips64-elf/14.2.0/../../../../mips64-elf/lib/libdragon.a(asset.o) (decompress_lz4_full_inplace)
/opt/libdragon/bin/../lib/gcc/mips64-elf/14.2.0/../../../../mips64-elf/lib/libdragon.a(lz4_dec_fast.o)
                              /opt/libdragon/bin/../lib/gcc/mips64-elf/14.2.0/../../../../mips64-elf/lib/libdragon.a(lz4_dec.o) (decompress_lz4_full_fast)
/opt/libdragon/bin/../lib/gcc/mips64-elf/14.2.0/../../../../mips64-elf/lib/libdragon.a(ringbuf.o)
                              /opt/libdragon/bin/../lib/gcc/mips64-elf/14.2.0/../../../../mips64-elf/lib/libdragon.a(lz4_dec.o) (__ringbuf_init)
/opt/libdragon/bin/../lib/gcc/mips64-elf/14.2.0/../../../../mips64-elf/lib/libdragon.a(aplib_dec.o)
                              /opt/libdragon/bin/../lib/gcc/mips64-elf/14.2.0/../../../../mips64-elf/lib/libdragon.a(asset.o) (decompress_aplib_init)
/opt/libdragon/bin/../lib/gcc/mips64-elf/14.2.0/../../../../mips64-elf/lib/libdragon.a(shrinkler_dec.o)
                              /opt/libdragon/bin/../lib/gcc/mips64-elf/14.2.0/../../../../mips64-elf/lib/libdragon.a(asset.o) (decompress_shrinkler_full_inplace)
/opt/libdragon/bin/../lib/gcc/mips64-elf/14.2.0/../../../../mips64-elf/lib/libdragon.a(joypad.o)
                              build/main.o (joypad_poll)
/opt/libdragon/bin/../lib/gcc/mips64-elf/14.2.0/../../../../mips64-elf/lib/libdragon.a(joypad_accessory.o)
                              /opt/libdragon/bin/../lib/gcc/mips64-elf/14.2.0/../../../../mips64-elf/lib/libdragon.a(joypad.o) (joypad_accessory_detect_async)
/opt/libdragon/bin/../lib/gcc/mips64-elf/14.2.0/../../../../mips64-elf/lib/libdragon.a(graphics.o)
                              build/main.o (graphics_make_color)
[...]
Memory Configuration

Name             Origin             Length             Attributes
*default*        0x00000000         0xffffffff

Linker script and memory map

LOAD /opt/libdragon/bin/../lib/gcc/mips64-elf/14.2.0/crti.o
LOAD /opt/libdragon/bin/../lib/gcc/mips64-elf/14.2.0/crtbegin.o
LOAD build/main.o
LOAD /opt/libdragon/bin/../lib/gcc/mips64-elf/14.2.0/../../../../mips64-elf/lib/libt3d.a
LOAD /opt/libdragon/bin/../lib/gcc/mips64-elf/14.2.0/../../../../mips64-elf/lib/libdragon.a
LOAD /opt/libdragon/bin/../lib/gcc/mips64-elf/14.2.0/../../../../mips64-elf/lib/libm.a
LOAD /opt/libdragon/bin/../lib/gcc/mips64-elf/14.2.0/../../../../mips64-elf/lib/libdragonsys.a

.intvectors     0x80000000      0x188
                0x80000000                        . = ALIGN (0x20)
 *(.intvectors)
 .intvectors    0x80000000      0x188 /opt/libdragon/bin/../lib/gcc/mips64-elf/14.2.0/../../../../mips64-elf/lib/libdragon.a(inthandler.o)
                0x80000188                        __intvectors_end = .

.text           0x80000400    0x20510
                0x80000400                        __text_start = .
 *(.boot)
 .boot          0x80000400       0x74 /opt/libdragon/bin/../lib/gcc/mips64-elf/14.2.0/../../../../mips64-elf/lib/libdragon.a(entrypoint.o)
                0x80000400                _start
                0x80000480                        . = ALIGN (0x10)
 *fill*         0x80000474        0xc 
 *(.text)
 .text          0x80000480      0x400 /opt/libdragon/bin/../lib/gcc/mips64-elf/14.2.0/../../../../mips64-elf/lib/libdragon.a(inthandler.o)
                0x80000480                inthandler
                0x80000880                inthandler_end
 .text          0x80000880       0x98 /opt/libdragon/bin/../lib/gcc/mips64-elf/14.2.0/../../../../mips64-elf/lib/libm.a(libm_a-sf_round.o)
                0x80000880                roundf
 .text          0x80000918       0x18 /opt/libdragon/bin/../lib/gcc/mips64-elf/14.2.0/../../../../mips64-elf/lib/libc.a(libc_a-abort.o)
                0x80000918                abort
 .text          0x80000930      0x120 /opt/libdragon/bin/../lib/gcc/mips64-elf/14.2.0/../../../../mips64-elf/lib/libc.a(libc_a-callocr.o)
                0x80000930                _calloc_r
 .text          0x80000a50       0x20 /opt/libdragon/bin/../lib/gcc/mips64-elf/14.2.0/../../../../mips64-elf/lib/libc.a(libc_a-malloc.o)
                0x80000a50                malloc
                0x80000a60                free
 .text          0x80000a70      0x8c8 /opt/libdragon/bin/../lib/gcc/mips64-elf/14.2.0/../../../../mips64-elf/lib/libc.a(libc_a-mallocr.o)
                0x80000a70                _malloc_r
 .text          0x80001338       0x20 /opt/libdragon/bin/../lib/gcc/mips64-elf/14.2.0/../../../../mips64-elf/lib/libc.a(libc_a-mlock.o)
                0x80001338                __malloc_lock
                0x80001348                __malloc_unlock
 .text          0x80001358      0x600 /opt/libdragon/bin/../lib/gcc/mips64-elf/14.2.0/../../../../mips64-elf/lib/libc.a(libc_a-reallocr.o)
                0x80001358                _realloc_r
 .text          0x80001958       0x18 /opt/libdragon/bin/../lib/gcc/mips64-elf/14.2.0/../../../../mips64-elf/lib/libc.a(libc_a-malign.o)
                0x80001958                memalign
 .text          0x80001970      0x200 /opt/libdragon/bin/../lib/gcc/mips64-elf/14.2.0/../../../../mips64-elf/lib/libc.a(libc_a-malignr.o)
                0x80001970                _memalign_r
 .text          0x80001b70     0x2a08 /opt/libdragon/bin/../lib/gcc/mips64-elf/14.2.0/../../../../mips64-elf/lib/libc.a(libc_a-vfprintf.o)
                0x80001b70                _vfprintf_r
                0x80004460                vfprintf
 .text          0x80004578       0x40 /opt/libdragon/bin/../lib/gcc/mips64-elf/14.2.0/../../../../mips64-elf/lib/libc.a(libc_a-sprint_r.o)
                0x80004578                __sprint_r
 .text          0x800045b8      0x1b0 /opt/libdragon/bin/../lib/gcc/mips64-elf/14.2.0/../../../../mips64-elf/lib/libc.a(libc_a-fclose.o)
                0x800045b8                _fclose_r
                0x80004758                fclose
 .text          0x80004768      0x458 /opt/libdragon/bin/../lib/gcc/mips64-elf/14.2.0/../../../../mips64-elf/lib/libc.a(libc_a-fflush.o)
                0x80004768                __sflush_r
                0x800049c0                _fflush_r
                0x80004ac8                fflush
 .text          0x80004bc0      0x510 /opt/libdragon/bin/../lib/gcc/mips64-elf/14.2.0/../../../../mips64-elf/lib/libc.a(libc_a-findfp.o)
                0x80004e58                __sfp
                0x80004fc8                __sinit
                0x80005040                __sfp_lock_acquire
                0x80005050                __sfp_lock_release
                0x80005060                __fp_lock_all
                0x80005098                __fp_unlock_all
 .text          0x800050d0       0x68 /opt/libdragon/bin/../lib/gcc/mips64-elf/14.2.0/../../../../mips64-elf/lib/libc.a(libc_a-fprintf.o)
                0x800050d0                _fprintf_r
                0x800050f8                fprintf
 .text          0x80005138      0x190 /opt/libdragon/bin/../lib/gcc/mips64-elf/14.2.0/../../../../mips64-elf/lib/libc.a(libc_a-fputc.o)
                0x80005138                _fputc_r
                0x80005200                fputc
 .text          0x800052c8      0x508 /opt/libdragon/bin/../lib/gcc/mips64-elf/14.2.0/../../../../mips64-elf/lib/libc.a(libc_a-fvwrite.o)
                0x800052c8                __sfvwrite_r
 .text          0x800057d0       0xc0 /opt/libdragon/bin/../lib/gcc/mips64-elf/14.2.0/../../../../mips64-elf/lib/libc.a(libc_a-fwalk.o)
                0x800057d0                _fwalk_sglue
 .text          0x80005890      0x250 /opt/libdragon/bin/../lib/gcc/mips64-elf/14.2.0/../../../../mips64-elf/lib/libc.a(libc_a-fwrite.o)
                0x80005890                _fwrite_r
                0x80005ab0                fwrite
 .text          0x80005ae0       0x78 /opt/libdragon/bin/../lib/gcc/mips64-elf/14.2.0/../../../../mips64-elf/lib/libc.a(libc_a-printf.o)
                0x80005ae0                _printf_r
                0x80005b18                printf
 .text          0x80005b58      0x240 /opt/libdragon/bin/../lib/gcc/mips64-elf/14.2.0/../../../../mips64-elf/lib/libc.a(libc_a-putc.o)
                0x80005b58                _putc_r
                0x80005c68                putc
 .text          0x80005d98       0x20 /opt/libdragon/bin/../lib/gcc/mips64-elf/14.2.0/../../../../mips64-elf/lib/libc.a(libc_a-putchar.o)
                0x80005d98                _putchar_r
                0x80005da0                putchar
 .text          0x80005db8      0x1a8 /opt/libdragon/bin/../lib/gcc/mips64-elf/14.2.0/../../../../mips64-elf/lib/libc.a(libc_a-puts.o)
                0x80005db8                _puts_r
                0x80005f50                puts
 .text          0x80005f60      0x1c8 /opt/libdragon/bin/../lib/gcc/mips64-elf/14.2.0/../../../../mips64-elf/lib/libc.a(libc_a-snprintf.o)
                0x80005f60                _snprintf_r
                0x80006040                snprintf
 .text          0x80006128       0xe0 /opt/libdragon/bin/../lib/gcc/mips64-elf/14.2.0/../../../../mips64-elf/lib/libc.a(libc_a-sprintf.o)
                0x80006128                _sprintf_r
                0x80006190                sprintf
 .text          0x80006208      0x190 /opt/libdragon/bin/../lib/gcc/mips64-elf/14.2.0/../../../../mips64-elf/lib/libc.a(libc_a-stdio.o)
                0x80006208                __sread
                0x80006260                __seofread
                0x80006268                __swrite
                0x80006328                __sseek
                0x80006390                __sclose
 .text          0x80006398       0x30 /opt/libdragon/bin/../lib/gcc/mips64-elf/14.2.0/../../../../mips64-elf/lib/libc.a(libc_a-vprintf.o)
                0x80006398                vprintf
                0x800063b0                _vprintf_r
 .text          0x800063c8      0x1d0 /opt/libdragon/bin/../lib/gcc/mips64-elf/14.2.0/../../../../mips64-elf/lib/libc.a(libc_a-wbuf.o)
                0x800063c8                __swbuf_r
                0x80006580                __swbuf
 .text          0x80006598      0x1e0 /opt/libdragon/bin/../lib/gcc/mips64-elf/14.2.0/../../../../mips64-elf/lib/libc.a(libc_a-wsetup.o)
                0x80006598                __swsetup_r
 .text          0x80006778       0xf0 /opt/libdragon/bin/../lib/gcc/mips64-elf/14.2.0/../../../../mips64-elf/lib/libc.a(libc_a-memchr.o)
                0x80006778                memchr
 .text          0x80006868       0x80 /opt/libdragon/bin/../lib/gcc/mips64-elf/14.2.0/../../../../mips64-elf/lib/libc.a(libc_a-memcmp.o)
                0x80006868                memcmp
 .text          0x800068e8      0x168 /opt/libdragon/bin/../lib/gcc/mips64-elf/14.2.0/../../../../mips64-elf/lib/libc.a(libc_a-memmove.o)
                0x800068e8                memmove
 .text          0x80006a50       0x98 /opt/libdragon/bin/../lib/gcc/mips64-elf/14.2.0/../../../../mips64-elf/lib/libc.a(libc_a-strcat.o)
                0x80006a50                strcat
 .text          0x80006ae8      0x188 /opt/libdragon/bin/../lib/gcc/mips64-elf/14.2.0/../../../../mips64-elf/lib/libc.a(libc_a-strchr.o)
                0x80006ae8                strchr
 .text          0x80006c70       0xa8 /opt/libdragon/bin/../lib/gcc/mips64-elf/14.2.0/../../../../mips64-elf/lib/libc.a(libc_a-strcpy.o)
                0x80006c70                strcpy
 .text          0x80006d18       0x70 /opt/libdragon/bin/../lib/gcc/mips64-elf/14.2.0/../../../../mips64-elf/lib/libc.a(libc_a-strrchr.o)
                0x80006d18                strrchr
 .text          0x80006d88      0xbb8 /opt/libdragon/bin/../lib/gcc/mips64-elf/14.2.0/../../../../mips64-elf/lib/libc.a(libc_a-strstr.o)
                0x80007640                strstr
 .text          0x80007940       0x90 /opt/libdragon/bin/../lib/gcc/mips64-elf/14.2.0/../../../../mips64-elf/lib/libc.a(libc_a-stpcpy.o)
                0x80007940                stpcpy
 .text          0x800079d0      0x598 /opt/libdragon/bin/../lib/gcc/mips64-elf/14.2.0/../../../../mips64-elf/lib/libc.a(libc_a-signal.o)
                0x800079d0                _init_signal_r
                0x80007a38                _signal_r
                0x80007ae8                _raise_r
                0x80007ba0                __sigtramp_r
                0x80007c90                raise
                0x80007d58                signal
                0x80007e10                _init_signal
                0x80007e80                __sigtramp
 .text          0x80007f68       0x28 /opt/libdragon/bin/../lib/gcc/mips64-elf/14.2.0/../../../../mips64-elf/lib/libc.a(libc_a-localeconv.o)
                0x80007f68                __localeconv_l
                0x80007f70                _localeconv_r
                0x80007f80                localeconv
 .text          0x80007f90       0x50 /opt/libdragon/bin/../lib/gcc/mips64-elf/14.2.0/../../../../mips64-elf/lib/libc.a(libc_a-closer.o)
                0x80007f90                _close_r
 .text          0x80007fe0       0x58 /opt/libdragon/bin/../lib/gcc/mips64-elf/14.2.0/../../../../mips64-elf/lib/libc.a(libc_a-fstatr.o)
                0x80007fe0                _fstat_r
 .text          0x80008038       0x60 /opt/libdragon/bin/../lib/gcc/mips64-elf/14.2.0/../../../../mips64-elf/lib/libc.a(libc_a-lseekr.o)
                0x80008038                _lseek_r
 .text          0x80008098       0x60 /opt/libdragon/bin/../lib/gcc/mips64-elf/14.2.0/../../../../mips64-elf/lib/libc.a(libc_a-readr.o)
                0x80008098                _read_r
 .text          0x800080f8       0x60 /opt/libdragon/bin/../lib/gcc/mips64-elf/14.2.0/../../../../mips64-elf/lib/libc.a(libc_a-signalr.o)
                0x800080f8                _kill_r
                0x80008150                _getpid_r
 .text          0x80008158       0x50 /opt/libdragon/bin/../lib/gcc/mips64-elf/14.2.0/../../../../mips64-elf/lib/libc.a(libc_a-sbrkr.o)
                0x80008158                _sbrk_r
 .text          0x800081a8       0x60 /opt/libdragon/bin/../lib/gcc/mips64-elf/14.2.0/../../../../mips64-elf/lib/libc.a(libc_a-writer.o)
                0x800081a8                _write_r
 .text          0x80008208        0x8 /opt/libdragon/bin/../lib/gcc/mips64-elf/14.2.0/../../../../mips64-elf/lib/libc.a(libc_a-errno.o)
                0x80008208                __errno
 .text          0x80008210       0x18 /opt/libdragon/bin/../lib/gcc/mips64-elf/14.2.0/../../../../mips64-elf/lib/libc.a(libc_a-strlen.o)
                0x80008210                strlen
 .text          0x80008228      0x240 /opt/libdragon/bin/../lib/gcc/mips64-elf/14.2.0/../../../../mips64-elf/lib/libc.a(libc_a-strcmp.o)
                0x80008228                strcmp
 .text          0x80008468      0x11c /opt/libdragon/bin/../lib/gcc/mips64-elf/14.2.0/../../../../mips64-elf/lib/libc.a(libc_a-memset.o)
                0x80008468                memset
 .text          0x80008584      0x370 /opt/libdragon/bin/../lib/gcc/mips64-elf/14.2.0/../../../../mips64-elf/lib/libc.a(libc_a-memcpy.o)
                0x80008584                memcpy
 *fill*         0x800088f4        0x4 
 .text          0x800088f8     0x1810 /opt/libdragon/bin/../lib/gcc/mips64-elf/14.2.0/../../../../mips64-elf/lib/libc.a(libc_a-dtoa.o)
                0x80008b48                _dtoa_r
 .text          0x8000a108      0x470 /opt/libdragon/bin/../lib/gcc/mips64-elf/14.2.0/../../../../mips64-elf/lib/libc.a(libc_a-freer.o)
                0x8000a108                _malloc_trim_r
                0x8000a248                _free_r
 .text          0x8000a578     0x1480 /opt/libdragon/bin/../lib/gcc/mips64-elf/14.2.0/../../../../mips64-elf/lib/libc.a(libc_a-mprec.o)
                0x8000a578                _Balloc
                0x8000a628                _Bfree
                0x8000a658                __multadd
                0x8000a7b0                __s2b
                0x8000a930                __hi0bits
                0x8000a9d8                __lo0bits
                0x8000aaf0                __i2b
                0x8000abc8                __multiply
                0x8000ae50                __pow5mult
                0x8000afb8                __lshift
                0x8000b170                __mcmp
                0x8000b1d8                __mdiff
                0x8000b450                __ulp
                0x8000b500                __b2d
                0x8000b698                __d2b
                0x8000b7f0                __ratio
                0x8000b8b0                _mprec_log10
                0x8000b8f0                __copybits
                0x8000b978                __any_on
 .text          0x8000b9f8     0x2718 /opt/libdragon/bin/../lib/gcc/mips64-elf/14.2.0/../../../../mips64-elf/lib/libc.a(libc_a-svfprintf.o)
                0x8000b9f8                _svfprintf_r
 .text          0x8000e110       0xc8 /opt/libdragon/bin/../lib/gcc/mips64-elf/14.2.0/../../../../mips64-elf/lib/libc.a(libc_a-ssprint_r.o)
                0x8000e110                __ssprint_r
 .text          0x8000e1d8      0x230 /opt/libdragon/bin/../lib/gcc/mips64-elf/14.2.0/../../../../mips64-elf/lib/libc.a(libc_a-makebuf.o)
                0x8000e1d8                __smakebuf_r
                0x8000e358                __swhatbuf_r
 .text          0x8000e408       0x40 /opt/libdragon/bin/../lib/gcc/mips64-elf/14.2.0/../../../../mips64-elf/lib/libc.a(libc_a-strnlen.o)
                0x8000e408                strnlen
 .text          0x8000e448       0x50 /opt/libdragon/bin/../lib/gcc/mips64-elf/14.2.0/../../../../mips64-elf/lib/libc.a(libc_a-isattyr.o)
                0x8000e448                _isatty_r
 .text          0x8000e498       0x70 /opt/libdragon/bin/../lib/gcc/mips64-elf/14.2.0/../../../../mips64-elf/lib/libc.a(libc_a-mbtowc_r.o)
                0x8000e498                _mbtowc_r
                0x8000e4a8                __ascii_mbtowc
 .text          0x8000e508       0x48 /opt/libdragon/bin/../lib/gcc/mips64-elf/14.2.0/../../../../mips64-elf/lib/libc.a(libc_a-wctomb_r.o)
                0x8000e508                _wctomb_r
                0x8000e518                __ascii_wctomb
 .text          0x8000e550      0x188 /opt/libdragon/bin/../lib/gcc/mips64-elf/14.2.0/../../../../mips64-elf/lib/libc.a(libc_a-ssputs_r.o)
                0x8000e550                __ssputs_r
 *(.text.*)
 *fill*         0x8000e6d8        0x8 
 .text.startup.main
                0x8000e6e0      0x1a0 build/main.o
                0x8000e6e0                main
 .text.data_cache_hit_writeback
                0x8000e880       0x60 /opt/libdragon/bin/../lib/gcc/mips64-elf/14.2.0/../../../../mips64-elf/lib/libdragon.a(n64sys.o)
                0x8000e880                data_cache_hit_writeback
 .text.__data_cache_hit_invalidate
                0x8000e8e0       0x60 /opt/libdragon/bin/../lib/gcc/mips64-elf/14.2.0/../../../../mips64-elf/lib/libdragon.a(n64sys.o)
                0x8000e8e0                __data_cache_hit_invalidate
 .text.data_cache_hit_writeback_invalidate
                0x8000e940       0x60 /opt/libdragon/bin/../lib/gcc/mips64-elf/14.2.0/../../../../mips64-elf/lib/libdragon.a(n64sys.o)
                0x8000e940                data_cache_hit_writeback_invalidate
 .text.inst_cache_hit_invalidate
                0x8000e9a0       0x60 /opt/libdragon/bin/../lib/gcc/mips64-elf/14.2.0/../../../../mips64-elf/lib/libdragon.a(n64sys.o)
                0x8000e9a0                inst_cache_hit_invalidate
 .text.malloc_uncached_aligned
                0x8000ea00       0xc0 /opt/libdragon/bin/../lib/gcc/mips64-elf/14.2.0/../../../../mips64-elf/lib/libdragon.a(n64sys.o)
                0x8000ea00                malloc_uncached_aligned
 .text.malloc_uncached
                0x8000eac0       0x20 /opt/libdragon/bin/../lib/gcc/mips64-elf/14.2.0/../../../../mips64-elf/lib/libdragon.a(n64sys.o)
                0x8000eac0                malloc_uncached
 .text.free_uncached
                0x8000eae0       0x20 /opt/libdragon/bin/../lib/gcc/mips64-elf/14.2.0/../../../../mips64-elf/lib/libdragon.a(n64sys.o)
                0x8000eae0                free_uncached
 .text.get_memory_size
                0x8000eb00       0x20 /opt/libdragon/bin/../lib/gcc/mips64-elf/14.2.0/../../../../mips64-elf/lib/libdragon.a(n64sys.o)
                0x8000eb00                get_memory_size
 .text.get_ticks
                0x8000eb20       0x40 /opt/libdragon/bin/../lib/gcc/mips64-elf/14.2.0/../../../../mips64-elf/lib/libdragon.a(n64sys.o)
                0x8000eb20                get_ticks
 .text.wait_ms  0x8000eb60       0x40 /opt/libdragon/bin/../lib/gcc/mips64-elf/14.2.0/../../../../mips64-elf/lib/libdragon.a(n64sys.o)
                0x8000eb60                wait_ms
 .text.die      0x8000eba0       0x60 /opt/libdragon/bin/../lib/gcc/mips64-elf/14.2.0/../../../../mips64-elf/lib/libdragon.a(n64sys.o)
                0x8000eba0                die
 .text.startup.__init_cop1
                0x8000ec00       0x40 /opt/libdragon/bin/../lib/gcc/mips64-elf/14.2.0/../../../../mips64-elf/lib/libdragon.a(n64sys.o)
                0x8000ec00                __init_cop1
 .text.__MI_handler
                0x8000ec40      0x380 /opt/libdragon/bin/../lib/gcc/mips64-elf/14.2.0/../../../../mips64-elf/lib/libdragon.a(interrupt.o)
                0x8000ec40                __MI_handler
 .text.__MI_BB_handler
                0x8000efc0      0x300 /opt/libdragon/bin/../lib/gcc/mips64-elf/14.2.0/../../../../mips64-elf/lib/libdragon.a(interrupt.o)
                0x8000efc0                __MI_BB_handler
 .text.__TI_handler
                0x8000f2c0       0x80 /opt/libdragon/bin/../lib/gcc/mips64-elf/14.2.0/../../../../mips64-elf/lib/libdragon.a(interrupt.o)
                0x8000f2c0                __TI_handler
 .text.__CART_handler
                0x8000f340      0x100 /opt/libdragon/bin/../lib/gcc/mips64-elf/14.2.0/../../../../mips64-elf/lib/libdragon.a(interrupt.o)
                0x8000f340                __CART_handler
 .text.__RESET_handler
                0x8000f440       0x60 /opt/libdragon/bin/../lib/gcc/mips64-elf/14.2.0/../../../../mips64-elf/lib/libdragon.a(interrupt.o)
                0x8000f440                __RESET_handler
 .text.register_VI_handler
                0x8000f4a0       0x60 /opt/libdragon/bin/../lib/gcc/mips64-elf/14.2.0/../../../../mips64-elf/lib/libdragon.a(interrupt.o)
                0x8000f4a0                register_VI_handler
 .text.unregister_VI_handler
                0x8000f500       0x60 /opt/libdragon/bin/../lib/gcc/mips64-elf/14.2.0/../../../../mips64-elf/lib/libdragon.a(interrupt.o)
                0x8000f500                unregister_VI_handler
 .text.register_DP_handler
                0x8000f560       0x60 /opt/libdragon/bin/../lib/gcc/mips64-elf/14.2.0/../../../../mips64-elf/lib/libdragon.a(interrupt.o)
                0x8000f560                register_DP_handler
 .text.register_SI_handler
                0x8000f5c0       0x60 /opt/libdragon/bin/../lib/gcc/mips64-elf/14.2.0/../../../../mips64-elf/lib/libdragon.a(interrupt.o)
                0x8000f5c0                register_SI_handler
 .text.register_SP_handler
                0x8000f620       0x60 /opt/libdragon/bin/../lib/gcc/mips64-elf/14.2.0/../../../../mips64-elf/lib/libdragon.a(interrupt.o)
                0x8000f620                register_SP_handler
 .text.register_TI_handler
                0x8000f680       0x60 /opt/libdragon/bin/../lib/gcc/mips64-elf/14.2.0/../../../../mips64-elf/lib/libdragon.a(interrupt.o)
                0x8000f680                register_TI_handler
 .text.set_VI_interrupt
                0x8000f6e0       0x40 /opt/libdragon/bin/../lib/gcc/mips64-elf/14.2.0/../../../../mips64-elf/lib/libdragon.a(interrupt.o)
                0x8000f6e0                set_VI_interrupt
 .text.set_DP_interrupt
                0x8000f720       0x20 /opt/libdragon/bin/../lib/gcc/mips64-elf/14.2.0/../../../../mips64-elf/lib/libdragon.a(interrupt.o)
                0x8000f720                set_DP_interrupt
 .text.set_SI_interrupt
                0x8000f740       0x20 /opt/libdragon/bin/../lib/gcc/mips64-elf/14.2.0/../../../../mips64-elf/lib/libdragon.a(interrupt.o)
                0x8000f740                set_SI_interrupt
 .text.set_SP_interrupt
                0x8000f760       0x20 /opt/libdragon/bin/../lib/gcc/mips64-elf/14.2.0/../../../../mips64-elf/lib/libdragon.a(interrupt.o)
                0x8000f760                set_SP_interrupt
 .text.set_TI_interrupt
                0x8000f780       0x40 /opt/libdragon/bin/../lib/gcc/mips64-elf/14.2.0/../../../../mips64-elf/lib/libdragon.a(interrupt.o)
                0x8000f780                set_TI_interrupt
 .text.startup.__init_interrupts
                0x8000f7c0       0x60 /opt/libdragon/bin/../lib/gcc/mips64-elf/14.2.0/../../../../mips64-elf/lib/libdragon.a(interrupt.o)
                0x8000f7c0                __init_interrupts
 .text.disable_interrupts
                0x8000f820       0x40 /opt/libdragon/bin/../lib/gcc/mips64-elf/14.2.0/../../../../mips64-elf/lib/libdragon.a(interrupt.o)
                0x8000f820                disable_interrupts
 .text.enable_interrupts
                0x8000f860       0x80 /opt/libdragon/bin/../lib/gcc/mips64-elf/14.2.0/../../../../mips64-elf/lib/libdragon.a(interrupt.o)
                0x8000f860                enable_interrupts
 .text.get_interrupts_state
                0x8000f8e0       0x20 /opt/libdragon/bin/../lib/gcc/mips64-elf/14.2.0/../../../../mips64-elf/lib/libdragon.a(interrupt.o)
                0x8000f8e0                get_interrupts_state
 .text.exception_reset_time
                0x8000f900       0x20 /opt/libdragon/bin/../lib/gcc/mips64-elf/14.2.0/../../../../mips64-elf/lib/libdragon.a(interrupt.o)
                0x8000f900                exception_reset_time
 .text.cb.0     0x8000f920       0xa0 /opt/libdragon/bin/../lib/gcc/mips64-elf/14.2.0/../../../../mips64-elf/lib/libdragon.a(debug.o)
 .text.debug_assert_func_f
                0x8000f9c0       0xe0 /opt/libdragon/bin/../lib/gcc/mips64-elf/14.2.0/../../../../mips64-elf/lib/libdragon.a(debug.o)
                0x8000f9c0                debug_assert_func_f
 .text.debug_assert_func
                0x8000faa0       0x20 /opt/libdragon/bin/../lib/gcc/mips64-elf/14.2.0/../../../../mips64-elf/lib/libdragon.a(debug.o)
                0x8000faa0                debug_assert_func
 .text.debug_hexdump
                0x8000fac0      0x280 /opt/libdragon/bin/../lib/gcc/mips64-elf/14.2.0/../../../../mips64-elf/lib/libdragon.a(debug.o)
                0x8000fac0                debug_hexdump
 .text.__debug_backtrace
                0x8000fd40      0x120 /opt/libdragon/bin/../lib/gcc/mips64-elf/14.2.0/../../../../mips64-elf/lib/libdragon.a(debug.o)
                0x8000fd40                __debug_backtrace
 .text.debug_backtrace
                0x8000fe60       0x20 /opt/libdragon/bin/../lib/gcc/mips64-elf/14.2.0/../../../../mips64-elf/lib/libdragon.a(debug.o)
                0x8000fe60                debug_backtrace
 .text.get_next_token
                0x8000fe80       0xc0 /opt/libdragon/bin/../lib/gcc/mips64-elf/14.2.0/../../../../mips64-elf/lib/libdragon.a(dragonfs.o)
 .text.__fstat  0x8000ff40       0x40 /opt/libdragon/bin/../lib/gcc/mips64-elf/14.2.0/../../../../mips64-elf/lib/libdragon.a(dragonfs.o)
 .text.lookup_file
                0x8000ff80      0x260 /opt/libdragon/bin/../lib/gcc/mips64-elf/14.2.0/../../../../mips64-elf/lib/libdragon.a(dragonfs.o)
 .text.__close  0x800101e0       0x40 /opt/libdragon/bin/../lib/gcc/mips64-elf/14.2.0/../../../../mips64-elf/lib/libdragon.a(dragonfs.o)
 .text.__ioctl  0x80010220       0x60 /opt/libdragon/bin/../lib/gcc/mips64-elf/14.2.0/../../../../mips64-elf/lib/libdragon.a(dragonfs.o)
 .text.recurse_path
                0x80010280      0x3e0 /opt/libdragon/bin/../lib/gcc/mips64-elf/14.2.0/../../../../mips64-elf/lib/libdragon.a(dragonfs.o)
 .text.__findnext
                0x80010660      0x100 /opt/libdragon/bin/../lib/gcc/mips64-elf/14.2.0/../../../../mips64-elf/lib/libdragon.a(dragonfs.o)
 .text.__dfs_findfirst
                0x80010760       0xe0 /opt/libdragon/bin/../lib/gcc/mips64-elf/14.2.0/../../../../mips64-elf/lib/libdragon.a(dragonfs.o)
 .text.__findfirst
                0x80010840       0x60 /opt/libdragon/bin/../lib/gcc/mips64-elf/14.2.0/../../../../mips64-elf/lib/libdragon.a(dragonfs.o)
 .text.__lseek  0x800108a0       0xa0 /opt/libdragon/bin/../lib/gcc/mips64-elf/14.2.0/../../../../mips64-elf/lib/libdragon.a(dragonfs.o)
 .text.dfs_open
                0x80010940      0x1a0 /opt/libdragon/bin/../lib/gcc/mips64-elf/14.2.0/../../../../mips64-elf/lib/libdragon.a(dragonfs.o)
                0x80010940                dfs_open
 .text.__open   0x80010ae0       0xc0 /opt/libdragon/bin/../lib/gcc/mips64-elf/14.2.0/../../../../mips64-elf/lib/libdragon.a(dragonfs.o)
 .text.dfs_read
                0x80010ba0      0x1c0 /opt/libdragon/bin/../lib/gcc/mips64-elf/14.2.0/../../../../mips64-elf/lib/libdragon.a(dragonfs.o)
                0x80010ba0                dfs_read
 .text.__read   0x80010d60       0x20 /opt/libdragon/bin/../lib/gcc/mips64-elf/14.2.0/../../../../mips64-elf/lib/libdragon.a(dragonfs.o)
 .text.dfs_init
                0x80010d80      0x220 /opt/libdragon/bin/../lib/gcc/mips64-elf/14.2.0/../../../../mips64-elf/lib/libdragon.a(dragonfs.o)
                0x80010d80                dfs_init
 .text.display_show.part.0
                0x80010fa0      0x140 /opt/libdragon/bin/../lib/gcc/mips64-elf/14.2.0/../../../../mips64-elf/lib/libdragon.a(display.o)
 .text.__display_callback
                0x800110e0      0x3a0 /opt/libdragon/bin/../lib/gcc/mips64-elf/14.2.0/../../../../mips64-elf/lib/libdragon.a(display.o)
 .text.display_init
                0x80011480      0x940 /opt/libdragon/bin/../lib/gcc/mips64-elf/14.2.0/../../../../mips64-elf/lib/libdragon.a(display.o)
                0x80011480                display_init
 .text.display_close
                0x80011dc0      0x140 /opt/libdragon/bin/../lib/gcc/mips64-elf/14.2.0/../../../../mips64-elf/lib/libdragon.a(display.o)
                0x80011dc0                display_close
 .text.display_try_get
                0x80011f00       0xc0 /opt/libdragon/bin/../lib/gcc/mips64-elf/14.2.0/../../../../mips64-elf/lib/libdragon.a(display.o)
                0x80011f00                display_try_get
 .text.display_get
                0x80011fc0      0x100 /opt/libdragon/bin/../lib/gcc/mips64-elf/14.2.0/../../../../mips64-elf/lib/libdragon.a(display.o)
                0x80011fc0                display_get
 .text.display_show
                0x800120c0       0x20 /opt/libdragon/bin/../lib/gcc/mips64-elf/14.2.0/../../../../mips64-elf/lib/libdragon.a(display.o)
                0x800120c0                display_show
 .text.display_show_force
                0x800120e0       0x40 /opt/libdragon/bin/../lib/gcc/mips64-elf/14.2.0/../../../../mips64-elf/lib/libdragon.a(display.o)
                0x800120e0                display_show_force
 .text.display_get_bitdepth
                0x80012120       0x20 /opt/libdragon/bin/../lib/gcc/mips64-elf/14.2.0/../../../../mips64-elf/lib/libdragon.a(display.o)
                0x80012120                display_get_bitdepth
 .text.surface_alloc
                0x80012140       0xe0 /opt/libdragon/bin/../lib/gcc/mips64-elf/14.2.0/../../../../mips64-elf/lib/libdragon.a(surface.o)
                0x80012140                surface_alloc
 .text.surface_free
                0x80012220       0x80 /opt/libdragon/bin/../lib/gcc/mips64-elf/14.2.0/../../../../mips64-elf/lib/libdragon.a(surface.o)
                0x80012220                surface_free
 .text.joypad_gcn_origin_callback
                0x800122a0       0xe0 /opt/libdragon/bin/../lib/gcc/mips64-elf/14.2.0/../../../../mips64-elf/lib/libdragon.a(joypad.o)
 .text.joypad_read_callback
                0x80012380       0x60 /opt/libdragon/bin/../lib/gcc/mips64-elf/14.2.0/../../../../mips64-elf/lib/libdragon.a(joypad.o)
 .text.joypad_device_changed
                0x800123e0      0x120 /opt/libdragon/bin/../lib/gcc/mips64-elf/14.2.0/../../../../mips64-elf/lib/libdragon.a(joypad.o)
 .text.joypad_identify_callback
                0x80012500      0x280 /opt/libdragon/bin/../lib/gcc/mips64-elf/14.2.0/../../../../mips64-elf/lib/libdragon.a(joypad.o)
 .text.joypad_read_async.part.0
                0x80012780      0x240 /opt/libdragon/bin/../lib/gcc/mips64-elf/14.2.0/../../../../mips64-elf/lib/libdragon.a(joypad.o)
 .text.joypad_identify_async.part.0
                0x800129c0      0x140 /opt/libdragon/bin/../lib/gcc/mips64-elf/14.2.0/../../../../mips64-elf/lib/libdragon.a(joypad.o)
 .text.joypad_vi_interrupt_callback
                0x80012b00       0x80 /opt/libdragon/bin/../lib/gcc/mips64-elf/14.2.0/../../../../mips64-elf/lib/libdragon.a(joypad.o)
 .text.joypad_read_n64_inputs
                0x80012b80      0x260 /opt/libdragon/bin/../lib/gcc/mips64-elf/14.2.0/../../../../mips64-elf/lib/libdragon.a(joypad.o)
                0x80012b80                joypad_read_n64_inputs
 .text.joypad_poll
                0x80012de0      0x5a0 /opt/libdragon/bin/../lib/gcc/mips64-elf/14.2.0/../../../../mips64-elf/lib/libdragon.a(joypad.o)
                0x80012de0                joypad_poll
 .text.joypad_init
                0x80013380      0x160 /opt/libdragon/bin/../lib/gcc/mips64-elf/14.2.0/../../../../mips64-elf/lib/libdragon.a(joypad.o)
                0x80013380                joypad_init
 .text.joypad_get_buttons_pressed
                0x800134e0       0xa0 /opt/libdragon/bin/../lib/gcc/mips64-elf/14.2.0/../../../../mips64-elf/lib/libdragon.a(joypad.o)
                0x800134e0                joypad_get_buttons_pressed
 .text.joypad_transfer_pak_wait_timer_callback
                0x80013580       0xe0 /opt/libdragon/bin/../lib/gcc/mips64-elf/14.2.0/../../../../mips64-elf/lib/libdragon.a(joypad_accessory.o)
 .text.joypad_accessory_check_read_crc_error
                0x80013660      0x1a0 /opt/libdragon/bin/../lib/gcc/mips64-elf/14.2.0/../../../../mips64-elf/lib/libdragon.a(joypad_accessory.o)
 .text.joypad_transfer_pak_enable_read_callback
                0x80013800       0xc0 /opt/libdragon/bin/../lib/gcc/mips64-elf/14.2.0/../../../../mips64-elf/lib/libdragon.a(joypad_accessory.o)
 .text.joypad_accessory_write_crc_error_check
                0x800138c0      0x1c0 /opt/libdragon/bin/../lib/gcc/mips64-elf/14.2.0/../../../../mips64-elf/lib/libdragon.a(joypad_accessory.o)
 .text.joypad_accessory_detect_write_callback
                0x80013a80      0x2a0 /opt/libdragon/bin/../lib/gcc/mips64-elf/14.2.0/../../../../mips64-elf/lib/libdragon.a(joypad_accessory.o)
 .text.joypad_transfer_pak_enable_write_callback
                0x80013d20      0x180 /opt/libdragon/bin/../lib/gcc/mips64-elf/14.2.0/../../../../mips64-elf/lib/libdragon.a(joypad_accessory.o)
 .text.joypad_accessory_detect_read_callback
                0x80013ea0      0x300 /opt/libdragon/bin/../lib/gcc/mips64-elf/14.2.0/../../../../mips64-elf/lib/libdragon.a(joypad_accessory.o)
 .text.joypad_transfer_pak_wait_timer_init
                0x800141a0       0xe0 /opt/libdragon/bin/../lib/gcc/mips64-elf/14.2.0/../../../../mips64-elf/lib/libdragon.a(joypad_accessory.o)
                0x800141a0                joypad_transfer_pak_wait_timer_init
 .text.joypad_accessory_detect_async
                0x80014280      0x120 /opt/libdragon/bin/../lib/gcc/mips64-elf/14.2.0/../../../../mips64-elf/lib/libdragon.a(joypad_accessory.o)
                0x80014280                joypad_accessory_detect_async
 .text.graphics_draw_character.part.0
                0x800143a0      0x4e0 /opt/libdragon/bin/../lib/gcc/mips64-elf/14.2.0/../../../../mips64-elf/lib/libdragon.a(graphics.o)
 .text.graphics_make_color
                0x80014880       0xc0 /opt/libdragon/bin/../lib/gcc/mips64-elf/14.2.0/../../../../mips64-elf/lib/libdragon.a(graphics.o)
                0x80014880                graphics_make_color
 .text.graphics_set_color
                0x80014940       0x20 /opt/libdragon/bin/../lib/gcc/mips64-elf/14.2.0/../../../../mips64-elf/lib/libdragon.a(graphics.o)
                0x80014940                graphics_set_color
 .text.graphics_draw_box
                0x80014960      0x120 /opt/libdragon/bin/../lib/gcc/mips64-elf/14.2.0/../../../../mips64-elf/lib/libdragon.a(graphics.o)
                0x80014960                graphics_draw_box
 .text.graphics_fill_screen
                0x80014a80       0x80 /opt/libdragon/bin/../lib/gcc/mips64-elf/14.2.0/../../../../mips64-elf/lib/libdragon.a(graphics.o)
                0x80014a80                graphics_fill_screen
 .text.graphics_set_default_font
                0x80014b00       0x20 /opt/libdragon/bin/../lib/gcc/mips64-elf/14.2.0/../../../../mips64-elf/lib/libdragon.a(graphics.o)
                0x80014b00                graphics_set_default_font
 .text.graphics_draw_character
                0x80014b20       0x20 /opt/libdragon/bin/../lib/gcc/mips64-elf/14.2.0/../../../../mips64-elf/lib/libdragon.a(graphics.o)
                0x80014b20                graphics_draw_character
 .text.graphics_draw_text
                0x80014b40      0x120 /opt/libdragon/bin/../lib/gcc/mips64-elf/14.2.0/../../../../mips64-elf/lib/libdragon.a(graphics.o)
                0x80014b40                graphics_draw_text
 .text.rsp_load_code
                0x80014c60      0x100 /opt/libdragon/bin/../lib/gcc/mips64-elf/14.2.0/../../../../mips64-elf/lib/libdragon.a(rsp.o)
                0x80014c60                rsp_load_code
 .text.rsp_load_data
                0x80014d60       0xe0 /opt/libdragon/bin/../lib/gcc/mips64-elf/14.2.0/../../../../mips64-elf/lib/libdragon.a(rsp.o)
                0x80014d60                rsp_load_data
 .text.rsp_load
                0x80014e40       0x60 /opt/libdragon/bin/../lib/gcc/mips64-elf/14.2.0/../../../../mips64-elf/lib/libdragon.a(rsp.o)
                0x80014e40                rsp_load
 .text.rsp_read_code
                0x80014ea0       0xe0 /opt/libdragon/bin/../lib/gcc/mips64-elf/14.2.0/../../../../mips64-elf/lib/libdragon.a(rsp.o)
                0x80014ea0                rsp_read_code
 .text.rsp_read_data
                0x80014f80       0xe0 /opt/libdragon/bin/../lib/gcc/mips64-elf/14.2.0/../../../../mips64-elf/lib/libdragon.a(rsp.o)
                0x80014f80                rsp_read_data
 .text.__rsp_run_async
                0x80015060       0x40 /opt/libdragon/bin/../lib/gcc/mips64-elf/14.2.0/../../../../mips64-elf/lib/libdragon.a(rsp.o)
                0x80015060                __rsp_run_async
 .text.__rsp_crash
                0x800150a0      0xc40 /opt/libdragon/bin/../lib/gcc/mips64-elf/14.2.0/../../../../mips64-elf/lib/libdragon.a(rsp.o)
                0x800150a0                __rsp_crash
 .text.__rsp_check_assert
                0x80015ce0       0x80 /opt/libdragon/bin/../lib/gcc/mips64-elf/14.2.0/../../../../mips64-elf/lib/libdragon.a(rsp.o)
                0x80015ce0                __rsp_check_assert
 .text.rsp_wait
                0x80015d60      0x100 /opt/libdragon/bin/../lib/gcc/mips64-elf/14.2.0/../../../../mips64-elf/lib/libdragon.a(rsp.o)
                0x80015d60                rsp_wait
 .text.rsp_run  0x80015e60       0x60 /opt/libdragon/bin/../lib/gcc/mips64-elf/14.2.0/../../../../mips64-elf/lib/libdragon.a(rsp.o)
                0x80015e60                rsp_run
 .text.cb.2     0x80015ec0       0x60 /opt/libdragon/bin/../lib/gcc/mips64-elf/14.2.0/../../../../mips64-elf/lib/libdragon.a(inspector.o)
 .text.cb.1     0x80015f20       0x60 /opt/libdragon/bin/../lib/gcc/mips64-elf/14.2.0/../../../../mips64-elf/lib/libdragon.a(inspector.o)
 .text.inspector_print_backtrace
                0x80015f80      0x180 /opt/libdragon/bin/../lib/gcc/mips64-elf/14.2.0/../../../../mips64-elf/lib/libdragon.a(inspector.o)
 .text.cb.0     0x80016100      0x120 /opt/libdragon/bin/../lib/gcc/mips64-elf/14.2.0/../../../../mips64-elf/lib/libdragon.a(inspector.o)
 .text.cb.3     0x80016220      0x120 /opt/libdragon/bin/../lib/gcc/mips64-elf/14.2.0/../../../../mips64-elf/lib/libdragon.a(inspector.o)
 .text.inspector_stdout
                0x80016340      0x300 /opt/libdragon/bin/../lib/gcc/mips64-elf/14.2.0/../../../../mips64-elf/lib/libdragon.a(inspector.o)
 .text.title    0x80016640       0xa0 /opt/libdragon/bin/../lib/gcc/mips64-elf/14.2.0/../../../../mips64-elf/lib/libdragon.a(inspector.o)
 .text.mips_disasm
                0x800166e0      0x6e0 /opt/libdragon/bin/../lib/gcc/mips64-elf/14.2.0/../../../../mips64-elf/lib/libdragon.a(inspector.o)
 .text.inspector
                0x80016dc0     0x10a0 /opt/libdragon/bin/../lib/gcc/mips64-elf/14.2.0/../../../../mips64-elf/lib/libdragon.a(inspector.o)
 .text.handler.4
                0x80017e60       0x40 /opt/libdragon/bin/../lib/gcc/mips64-elf/14.2.0/../../../../mips64-elf/lib/libdragon.a(inspector.o)
 .text.__inspector_exception
                0x80017ea0       0x20 /opt/libdragon/bin/../lib/gcc/mips64-elf/14.2.0/../../../../mips64-elf/lib/libdragon.a(inspector.o)
                0x80017ea0                __inspector_exception
 .text.__inspector_assertion
                0x80017ec0       0x20 /opt/libdragon/bin/../lib/gcc/mips64-elf/14.2.0/../../../../mips64-elf/lib/libdragon.a(inspector.o)
                0x80017ec0                __inspector_assertion
 .text.startup.__inspector_init
                0x80017ee0       0x20 /opt/libdragon/bin/../lib/gcc/mips64-elf/14.2.0/../../../../mips64-elf/lib/libdragon.a(inspector.o)
                0x80017ee0                __inspector_init
 .text.dma_read_async
                0x80017f00      0x4e0 /opt/libdragon/bin/../lib/gcc/mips64-elf/14.2.0/../../../../mips64-elf/lib/libdragon.a(dma.o)
                0x80017f00                dma_read_async
 .text.dma_read
                0x800183e0       0x40 /opt/libdragon/bin/../lib/gcc/mips64-elf/14.2.0/../../../../mips64-elf/lib/libdragon.a(dma.o)
                0x800183e0                dma_read
 .text.io_read  0x80018420       0x60 /opt/libdragon/bin/../lib/gcc/mips64-elf/14.2.0/../../../../mips64-elf/lib/libdragon.a(dma.o)
                0x80018420                io_read
 .text.timer_update_compare
                0x80018480       0x40 /opt/libdragon/bin/../lib/gcc/mips64-elf/14.2.0/../../../../mips64-elf/lib/libdragon.a(timer.o)
 .text.timer_poll
                0x800184c0      0x1a0 /opt/libdragon/bin/../lib/gcc/mips64-elf/14.2.0/../../../../mips64-elf/lib/libdragon.a(timer.o)
 .text.timer_init
                0x80018660       0x60 /opt/libdragon/bin/../lib/gcc/mips64-elf/14.2.0/../../../../mips64-elf/lib/libdragon.a(timer.o)
                0x80018660                timer_init
 .text.new_timer_context
                0x800186c0      0x100 /opt/libdragon/bin/../lib/gcc/mips64-elf/14.2.0/../../../../mips64-elf/lib/libdragon.a(timer.o)
                0x800186c0                new_timer_context
 .text.restart_timer
                0x800187c0       0x80 /opt/libdragon/bin/../lib/gcc/mips64-elf/14.2.0/../../../../mips64-elf/lib/libdragon.a(timer.o)
                0x800187c0                restart_timer
 .text.stop_timer
                0x80018840       0xe0 /opt/libdragon/bin/../lib/gcc/mips64-elf/14.2.0/../../../../mips64-elf/lib/libdragon.a(timer.o)
                0x80018840                stop_timer
 .text.cb.0     0x80018920       0x40 /opt/libdragon/bin/../lib/gcc/mips64-elf/14.2.0/../../../../mips64-elf/lib/libdragon.a(exception.o)
 .text.cb.1     0x80018960       0x80 /opt/libdragon/bin/../lib/gcc/mips64-elf/14.2.0/../../../../mips64-elf/lib/libdragon.a(exception.o)
 .text.is_unmapped_kx64
                0x800189e0      0x1e0 /opt/libdragon/bin/../lib/gcc/mips64-elf/14.2.0/../../../../mips64-elf/lib/libdragon.a(exception.o)
 .text.__get_exception_name.isra.0
                0x80018bc0      0x580 /opt/libdragon/bin/../lib/gcc/mips64-elf/14.2.0/../../../../mips64-elf/lib/libdragon.a(exception.o)
 .text.__exception_dump_header
                0x80019140      0x340 /opt/libdragon/bin/../lib/gcc/mips64-elf/14.2.0/../../../../mips64-elf/lib/libdragon.a(exception.o)
                0x80019140                __exception_dump_header
 .text.__exception_dump_gpr
                0x80019480      0x180 /opt/libdragon/bin/../lib/gcc/mips64-elf/14.2.0/../../../../mips64-elf/lib/libdragon.a(exception.o)
                0x80019480                __exception_dump_gpr
 .text.__exception_dump_fpr
                0x80019600      0x2e0 /opt/libdragon/bin/../lib/gcc/mips64-elf/14.2.0/../../../../mips64-elf/lib/libdragon.a(exception.o)
                0x80019600                __exception_dump_fpr
 .text.exception_default_handler
                0x800198e0      0x1a0 /opt/libdragon/bin/../lib/gcc/mips64-elf/14.2.0/../../../../mips64-elf/lib/libdragon.a(exception.o)
                0x800198e0                exception_default_handler
 .text.__onCriticalException
                0x80019a80       0x80 /opt/libdragon/bin/../lib/gcc/mips64-elf/14.2.0/../../../../mips64-elf/lib/libdragon.a(exception.o)
                0x80019a80                __onCriticalException
 .text.register_syscall_handler
                0x80019b00      0x1a0 /opt/libdragon/bin/../lib/gcc/mips64-elf/14.2.0/../../../../mips64-elf/lib/libdragon.a(exception.o)
                0x80019b00                register_syscall_handler
 .text.__onSyscallException
                0x80019ca0      0x1a0 /opt/libdragon/bin/../lib/gcc/mips64-elf/14.2.0/../../../../mips64-elf/lib/libdragon.a(exception.o)
                0x80019ca0                __onSyscallException
 .text.__register_frame_info
                0x80019e40       0x20 /opt/libdragon/bin/../lib/gcc/mips64-elf/14.2.0/../../../../mips64-elf/lib/libdragon.a(do_ctors.o)
                0x80019e40                __register_frame_info
 .text.__wrap___do_global_ctors
                0x80019e60       0xe0 /opt/libdragon/bin/../lib/gcc/mips64-elf/14.2.0/../../../../mips64-elf/lib/libdragon.a(do_ctors.o)
                0x80019e60                __wrap___do_global_ctors
 .text.rspq_switch_context
                0x80019f40       0x60 /opt/libdragon/bin/../lib/gcc/mips64-elf/14.2.0/../../../../mips64-elf/lib/libdragon.a(rspq.o)
 .text.rspq_flush_internal
                0x80019fa0       0x40 /opt/libdragon/bin/../lib/gcc/mips64-elf/14.2.0/../../../../mips64-elf/lib/libdragon.a(rspq.o)
 .text.rspq_sp_interrupt
                0x80019fe0       0xa0 /opt/libdragon/bin/../lib/gcc/mips64-elf/14.2.0/../../../../mips64-elf/lib/libdragon.a(rspq.o)
 .text.rspq_init_context
                0x8001a080       0xa0 /opt/libdragon/bin/../lib/gcc/mips64-elf/14.2.0/../../../../mips64-elf/lib/libdragon.a(rspq.o)
 .text.rspq_switch_buffer.part.0
                0x8001a120       0x40 /opt/libdragon/bin/../lib/gcc/mips64-elf/14.2.0/../../../../mips64-elf/lib/libdragon.a(rspq.o)
 .text.rspq_crash_handler
                0x8001a160      0x320 /opt/libdragon/bin/../lib/gcc/mips64-elf/14.2.0/../../../../mips64-elf/lib/libdragon.a(rspq.o)
 .text.rspq_assert_handler
                0x8001a480      0x100 /opt/libdragon/bin/../lib/gcc/mips64-elf/14.2.0/../../../../mips64-elf/lib/libdragon.a(rspq.o)
 .text.rspq_init
                0x8001a580      0x3c0 /opt/libdragon/bin/../lib/gcc/mips64-elf/14.2.0/../../../../mips64-elf/lib/libdragon.a(rspq.o)
                0x8001a580                rspq_init
 .text.rspq_highpri_begin
                0x8001a940      0x120 /opt/libdragon/bin/../lib/gcc/mips64-elf/14.2.0/../../../../mips64-elf/lib/libdragon.a(rspq.o)
                0x8001a940                rspq_highpri_begin
 .text.rspq_highpri_end
                0x8001aa60       0xa0 /opt/libdragon/bin/../lib/gcc/mips64-elf/14.2.0/../../../../mips64-elf/lib/libdragon.a(rspq.o)
                0x8001aa60                rspq_highpri_end
 .text.__rspq_deferred_poll
                0x8001ab00       0xe0 /opt/libdragon/bin/../lib/gcc/mips64-elf/14.2.0/../../../../mips64-elf/lib/libdragon.a(rspq.o)
                0x8001ab00                __rspq_deferred_poll
 .text.rspq_next_buffer
                0x8001abe0      0x2e0 /opt/libdragon/bin/../lib/gcc/mips64-elf/14.2.0/../../../../mips64-elf/lib/libdragon.a(rspq.o)
                0x8001abe0                rspq_next_buffer
 .text.rspq_syncpoint_new
                0x8001aec0       0xe0 /opt/libdragon/bin/../lib/gcc/mips64-elf/14.2.0/../../../../mips64-elf/lib/libdragon.a(rspq.o)
                0x8001aec0                rspq_syncpoint_new
 .text.rspq_overlay_register_internal
                0x8001afa0      0x540 /opt/libdragon/bin/../lib/gcc/mips64-elf/14.2.0/../../../../mips64-elf/lib/libdragon.a(rspq.o)
 .text.rspq_overlay_register_static
                0x8001b4e0       0x60 /opt/libdragon/bin/../lib/gcc/mips64-elf/14.2.0/../../../../mips64-elf/lib/libdragon.a(rspq.o)
                0x8001b4e0                rspq_overlay_register_static
 .text.rspq_syncpoint_wait
                0x8001b540      0x160 /opt/libdragon/bin/../lib/gcc/mips64-elf/14.2.0/../../../../mips64-elf/lib/libdragon.a(rspq.o)
                0x8001b540                rspq_syncpoint_wait
 .text.rspq_wait
                0x8001b6a0      0x240 /opt/libdragon/bin/../lib/gcc/mips64-elf/14.2.0/../../../../mips64-elf/lib/libdragon.a(rspq.o)
                0x8001b6a0                rspq_wait
 .text.rspq_overlay_get_state
                0x8001b8e0      0x160 /opt/libdragon/bin/../lib/gcc/mips64-elf/14.2.0/../../../../mips64-elf/lib/libdragon.a(rspq.o)
                0x8001b8e0                rspq_overlay_get_state
 .text.__rdpq_interrupt
                0x8001ba40       0xc0 /opt/libdragon/bin/../lib/gcc/mips64-elf/14.2.0/../../../../mips64-elf/lib/libdragon.a(rdpq.o)
 .text.rdpq_assert_handler
                0x8001bb00       0xc0 /opt/libdragon/bin/../lib/gcc/mips64-elf/14.2.0/../../../../mips64-elf/lib/libdragon.a(rdpq.o)
 .text.__rdpq_block_next_buffer
                0x8001bbc0      0x1e0 /opt/libdragon/bin/../lib/gcc/mips64-elf/14.2.0/../../../../mips64-elf/lib/libdragon.a(rdpq.o)
                0x8001bbc0                __rdpq_block_next_buffer
 .text.rdpq_fence
                0x8001bda0      0x140 /opt/libdragon/bin/../lib/gcc/mips64-elf/14.2.0/../../../../mips64-elf/lib/libdragon.a(rdpq.o)
                0x8001bda0                rdpq_fence
 .text.__rdpq_block_update
                0x8001bee0      0x120 /opt/libdragon/bin/../lib/gcc/mips64-elf/14.2.0/../../../../mips64-elf/lib/libdragon.a(rdpq.o)
                0x8001bee0                __rdpq_block_update
 .text.__rdpq_write8
                0x8001c000       0xe0 /opt/libdragon/bin/../lib/gcc/mips64-elf/14.2.0/../../../../mips64-elf/lib/libdragon.a(rdpq.o)
                0x8001c000                __rdpq_write8
 .text.__rdpq_autosync_change
                0x8001c0e0      0x140 /opt/libdragon/bin/../lib/gcc/mips64-elf/14.2.0/../../../../mips64-elf/lib/libdragon.a(rdpq.o)
                0x8001c0e0                __rdpq_autosync_change
 .text.__rdpq_write8_syncchange
                0x8001c220       0x60 /opt/libdragon/bin/../lib/gcc/mips64-elf/14.2.0/../../../../mips64-elf/lib/libdragon.a(rdpq.o)
                0x8001c220                __rdpq_write8_syncchange
 .text.__rdpq_fixup_write8_syncchange
                0x8001c280      0x140 /opt/libdragon/bin/../lib/gcc/mips64-elf/14.2.0/../../../../mips64-elf/lib/libdragon.a(rdpq.o)
                0x8001c280                __rdpq_fixup_write8_syncchange
 .text.__rdpq_set_scissor
                0x8001c3c0      0x100 /opt/libdragon/bin/../lib/gcc/mips64-elf/14.2.0/../../../../mips64-elf/lib/libdragon.a(rdpq.o)
                0x8001c3c0                __rdpq_set_scissor
 .text.__rdpq_set_color_image
                0x8001c4c0      0x140 /opt/libdragon/bin/../lib/gcc/mips64-elf/14.2.0/../../../../mips64-elf/lib/libdragon.a(rdpq.o)
                0x8001c4c0                __rdpq_set_color_image
 .text.__rdpq_set_other_modes
                0x8001c600      0x140 /opt/libdragon/bin/../lib/gcc/mips64-elf/14.2.0/../../../../mips64-elf/lib/libdragon.a(rdpq.o)
                0x8001c600                __rdpq_set_other_modes
 .text.rdpq_init
                0x8001c740      0x1c0 /opt/libdragon/bin/../lib/gcc/mips64-elf/14.2.0/../../../../mips64-elf/lib/libdragon.a(rdpq.o)
                0x8001c740                rdpq_init
 .text.kthread_free
                0x8001c900       0x60 /opt/libdragon/bin/../lib/gcc/mips64-elf/14.2.0/../../../../mips64-elf/lib/libdragon.a(kernel.o)
 .text.__thlist_add.part.0
                0x8001c960       0x40 /opt/libdragon/bin/../lib/gcc/mips64-elf/14.2.0/../../../../mips64-elf/lib/libdragon.a(kernel.o)
 .text.startup.__kernel_tls_init
                0x8001c9a0       0x40 /opt/libdragon/bin/../lib/gcc/mips64-elf/14.2.0/../../../../mips64-elf/lib/libdragon.a(kernel.o)
                0x8001c9a0                __kernel_tls_init
 .text.__kthread_check_overflow
                0x8001c9e0       0xe0 /opt/libdragon/bin/../lib/gcc/mips64-elf/14.2.0/../../../../mips64-elf/lib/libdragon.a(kernel.o)
                0x8001c9e0                __kthread_check_overflow
 .text.__thlist_splice_pri
                0x8001cac0      0x100 /opt/libdragon/bin/../lib/gcc/mips64-elf/14.2.0/../../../../mips64-elf/lib/libdragon.a(kernel.o)
                0x8001cac0                __thlist_splice_pri
 .text.kmutex_unlock_internal
                0x8001cbc0       0xa0 /opt/libdragon/bin/../lib/gcc/mips64-elf/14.2.0/../../../../mips64-elf/lib/libdragon.a(kernel.o)
 .text.__kthread_syscall_schedule
                0x8001cc60      0x340 /opt/libdragon/bin/../lib/gcc/mips64-elf/14.2.0/../../../../mips64-elf/lib/libdragon.a(kernel.o)
                0x8001cc60                __kthread_syscall_schedule
 .text.kthread_current
                0x8001cfa0       0x20 /opt/libdragon/bin/../lib/gcc/mips64-elf/14.2.0/../../../../mips64-elf/lib/libdragon.a(kernel.o)
                0x8001cfa0                kthread_current
 .text.kthread_suspend
                0x8001cfc0       0x40 /opt/libdragon/bin/../lib/gcc/mips64-elf/14.2.0/../../../../mips64-elf/lib/libdragon.a(kernel.o)
                0x8001cfc0                kthread_suspend
 .text.kthread_backtrace
                0x8001d000       0x80 /opt/libdragon/bin/../lib/gcc/mips64-elf/14.2.0/../../../../mips64-elf/lib/libdragon.a(kernel.o)
                0x8001d000                kthread_backtrace
 .text.kmutex_init
                0x8001d080       0x60 /opt/libdragon/bin/../lib/gcc/mips64-elf/14.2.0/../../../../mips64-elf/lib/libdragon.a(kernel.o)
                0x8001d080                kmutex_init
 .text.kmutex_destroy
                0x8001d0e0       0xa0 /opt/libdragon/bin/../lib/gcc/mips64-elf/14.2.0/../../../../mips64-elf/lib/libdragon.a(kernel.o)
                0x8001d0e0                kmutex_destroy
 .text.kmutex_lock
                0x8001d180      0x1a0 /opt/libdragon/bin/../lib/gcc/mips64-elf/14.2.0/../../../../mips64-elf/lib/libdragon.a(kernel.o)
                0x8001d180                kmutex_lock
 .text.kmutex_unlock
                0x8001d320      0x180 /opt/libdragon/bin/../lib/gcc/mips64-elf/14.2.0/../../../../mips64-elf/lib/libdragon.a(kernel.o)
                0x8001d320                kmutex_unlock
 .text.__kcond_broadcast_isr
                0x8001d4a0       0x40 /opt/libdragon/bin/../lib/gcc/mips64-elf/14.2.0/../../../../mips64-elf/lib/libdragon.a(kernel.o)
                0x8001d4a0                __kcond_broadcast_isr
 .text.kcond_wait
                0x8001d4e0      0x160 /opt/libdragon/bin/../lib/gcc/mips64-elf/14.2.0/../../../../mips64-elf/lib/libdragon.a(kernel.o)
                0x8001d4e0                kcond_wait
 .text.kirq_begin_wait_si
                0x8001d640       0x20 /opt/libdragon/bin/../lib/gcc/mips64-elf/14.2.0/../../../../mips64-elf/lib/libdragon.a(kirq.o)
                0x8001d640                kirq_begin_wait_si
 .text.kirq_begin_wait_vi
                0x8001d660       0x20 /opt/libdragon/bin/../lib/gcc/mips64-elf/14.2.0/../../../../mips64-elf/lib/libdragon.a(kirq.o)
                0x8001d660                kirq_begin_wait_vi
 .text.kirq_wait
                0x8001d680       0x80 /opt/libdragon/bin/../lib/gcc/mips64-elf/14.2.0/../../../../mips64-elf/lib/libdragon.a(kirq.o)
                0x8001d680                kirq_wait
 .text.cb.0     0x8001d700       0x40 /opt/libdragon/bin/../lib/gcc/mips64-elf/14.2.0/../../../../mips64-elf/lib/libdragon.a(backtrace.o)
 .text.cb.1     0x8001d740       0x40 /opt/libdragon/bin/../lib/gcc/mips64-elf/14.2.0/../../../../mips64-elf/lib/libdragon.a(backtrace.o)
 .text.symt_open
                0x8001d780      0x200 /opt/libdragon/bin/../lib/gcc/mips64-elf/14.2.0/../../../../mips64-elf/lib/libdragon.a(backtrace.o)
 .text.symt_addrtab_entry.isra.0
                0x8001d980       0x60 /opt/libdragon/bin/../lib/gcc/mips64-elf/14.2.0/../../../../mips64-elf/lib/libdragon.a(backtrace.o)
 .text.format_entry
                0x8001d9e0      0x2a0 /opt/libdragon/bin/../lib/gcc/mips64-elf/14.2.0/../../../../mips64-elf/lib/libdragon.a(backtrace.o)
 .text.symt_addrtab_search
                0x8001dc80      0x160 /opt/libdragon/bin/../lib/gcc/mips64-elf/14.2.0/../../../../mips64-elf/lib/libdragon.a(backtrace.o)
 .text.__symbolize
                0x8001dde0      0x280 /opt/libdragon/bin/../lib/gcc/mips64-elf/14.2.0/../../../../mips64-elf/lib/libdragon.a(backtrace.o)
                0x8001dde0                __symbolize
 .text.__bt_analyze_func
                0x8001e060      0x1c0 /opt/libdragon/bin/../lib/gcc/mips64-elf/14.2.0/../../../../mips64-elf/lib/libdragon.a(backtrace.o)
                0x8001e060                __bt_analyze_func
 .text.backtrace_foreach.constprop.0
                0x8001e220      0x360 /opt/libdragon/bin/../lib/gcc/mips64-elf/14.2.0/../../../../mips64-elf/lib/libdragon.a(backtrace.o)
 .text.backtrace
                0x8001e580       0xe0 /opt/libdragon/bin/../lib/gcc/mips64-elf/14.2.0/../../../../mips64-elf/lib/libdragon.a(backtrace.o)
                0x8001e580                backtrace
 .text.__backtrace_from
                0x8001e660      0x100 /opt/libdragon/bin/../lib/gcc/mips64-elf/14.2.0/../../../../mips64-elf/lib/libdragon.a(backtrace.o)
                0x8001e660                __backtrace_from
 .text.backtrace_symbols_cb
                0x8001e760      0x320 /opt/libdragon/bin/../lib/gcc/mips64-elf/14.2.0/../../../../mips64-elf/lib/libdragon.a(backtrace.o)
                0x8001e760                backtrace_symbols_cb
 .text.backtrace_frame_print
                0x8001ea80       0xa0 /opt/libdragon/bin/../lib/gcc/mips64-elf/14.2.0/../../../../mips64-elf/lib/libdragon.a(backtrace.o)
                0x8001ea80                backtrace_frame_print
 .text.backtrace_frame_print_compact
                0x8001eb20      0x140 /opt/libdragon/bin/../lib/gcc/mips64-elf/14.2.0/../../../../mips64-elf/lib/libdragon.a(backtrace.o)
                0x8001eb20                backtrace_frame_print_compact
 .text.rompak_search_ext
                0x8001ec60      0x220 /opt/libdragon/bin/../lib/gcc/mips64-elf/14.2.0/../../../../mips64-elf/lib/libdragon.a(rompak.o)
                0x8001ec60                rompak_search_ext
 .text.__console_render.part.0
                0x8001ee80      0x100 /opt/libdragon/bin/../lib/gcc/mips64-elf/14.2.0/../../../../mips64-elf/lib/libdragon.a(console.o)
 .text.__console_write
                0x8001ef80      0x320 /opt/libdragon/bin/../lib/gcc/mips64-elf/14.2.0/../../../../mips64-elf/lib/libdragon.a(console.o)
 .text.console_set_render_mode
                0x8001f2a0       0x20 /opt/libdragon/bin/../lib/gcc/mips64-elf/14.2.0/../../../../mips64-elf/lib/libdragon.a(console.o)
                0x8001f2a0                console_set_render_mode
 .text.console_init
                0x8001f2c0       0xe0 /opt/libdragon/bin/../lib/gcc/mips64-elf/14.2.0/../../../../mips64-elf/lib/libdragon.a(console.o)
                0x8001f2c0                console_init
 .text.console_render
                0x8001f3a0       0x40 /opt/libdragon/bin/../lib/gcc/mips64-elf/14.2.0/../../../../mips64-elf/lib/libdragon.a(console.o)
                0x8001f3a0                console_render
 .text.console_set_debug
                0x8001f3e0       0x20 /opt/libdragon/bin/../lib/gcc/mips64-elf/14.2.0/../../../../mips64-elf/lib/libdragon.a(console.o)
                0x8001f3e0                console_set_debug
 .text.joybus_msg_send
                0x8001f400       0x80 /opt/libdragon/bin/../lib/gcc/mips64-elf/14.2.0/../../../../mips64-elf/lib/libdragon.a(joybus.o)
 .text.callback.0
                0x8001f480       0x80 /opt/libdragon/bin/../lib/gcc/mips64-elf/14.2.0/../../../../mips64-elf/lib/libdragon.a(joybus.o)
 .text.si_interrupt
                0x8001f500      0x1a0 /opt/libdragon/bin/../lib/gcc/mips64-elf/14.2.0/../../../../mips64-elf/lib/libdragon.a(joybus.o)
 .text.startup.__joybus_init
                0x8001f6a0       0x60 /opt/libdragon/bin/../lib/gcc/mips64-elf/14.2.0/../../../../mips64-elf/lib/libdragon.a(joybus.o)
                0x8001f6a0                __joybus_init
 .text.joybus_exec_async
                0x8001f700      0x1a0 /opt/libdragon/bin/../lib/gcc/mips64-elf/14.2.0/../../../../mips64-elf/lib/libdragon.a(joybus.o)
                0x8001f700                joybus_exec_async
 .text.joybus_exec
                0x8001f8a0      0x160 /opt/libdragon/bin/../lib/gcc/mips64-elf/14.2.0/../../../../mips64-elf/lib/libdragon.a(joybus.o)
                0x8001f8a0                joybus_exec
 .text.joybus_accessory_calculate_data_crc
                0x8001fa00       0xa0 /opt/libdragon/bin/../lib/gcc/mips64-elf/14.2.0/../../../../mips64-elf/lib/libdragon.a(joybus_accessory.o)
                0x8001fa00                joybus_accessory_calculate_data_crc
 .text.joybus_accessory_compare_data_crc
                0x8001faa0       0x60 /opt/libdragon/bin/../lib/gcc/mips64-elf/14.2.0/../../../../mips64-elf/lib/libdragon.a(joybus_accessory.o)
                0x8001faa0                joybus_accessory_compare_data_crc
 .text.joybus_accessory_read_async
                0x8001fb00       0xe0 /opt/libdragon/bin/../lib/gcc/mips64-elf/14.2.0/../../../../mips64-elf/lib/libdragon.a(joybus_accessory.o)
                0x8001fb00                joybus_accessory_read_async
 .text.joybus_accessory_write_async
                0x8001fbe0      0x120 /opt/libdragon/bin/../lib/gcc/mips64-elf/14.2.0/../../../../mips64-elf/lib/libdragon.a(joybus_accessory.o)
                0x8001fbe0                joybus_accessory_write_async
 .text.attach_filesystem
                0x8001fd00      0x200 /opt/libdragon/bin/../lib/gcc/mips64-elf/14.2.0/../../../../mips64-elf/lib/libdragonsys.a(system.o)
                0x8001fd00                attach_filesystem
 .text.close    0x8001ff00       0xe0 /opt/libdragon/bin/../lib/gcc/mips64-elf/14.2.0/../../../../mips64-elf/lib/libdragonsys.a(system.o)
                0x8001ff00                close
 .text._exit    0x8001ffe0       0x20 /opt/libdragon/bin/../lib/gcc/mips64-elf/14.2.0/../../../../mips64-elf/lib/libdragonsys.a(system.o)
                0x8001ffe0                _exit
 .text.fstat    0x80020000      0x100 /opt/libdragon/bin/../lib/gcc/mips64-elf/14.2.0/../../../../mips64-elf/lib/libdragonsys.a(system.o)
                0x80020000                fstat
 .text.getpid   0x80020100       0x40 /opt/libdragon/bin/../lib/gcc/mips64-elf/14.2.0/../../../../mips64-elf/lib/libdragonsys.a(system.o)
                0x80020100                getpid
 .text.isatty   0x80020140       0x40 /opt/libdragon/bin/../lib/gcc/mips64-elf/14.2.0/../../../../mips64-elf/lib/libdragonsys.a(system.o)
                0x80020140                isatty
 .text.kill     0x80020180       0x40 /opt/libdragon/bin/../lib/gcc/mips64-elf/14.2.0/../../../../mips64-elf/lib/libdragonsys.a(system.o)
                0x80020180                kill
 .text.lseek    0x800201c0      0x100 /opt/libdragon/bin/../lib/gcc/mips64-elf/14.2.0/../../../../mips64-elf/lib/libdragonsys.a(system.o)
                0x800201c0                lseek
 .text.read     0x800202c0      0x120 /opt/libdragon/bin/../lib/gcc/mips64-elf/14.2.0/../../../../mips64-elf/lib/libdragonsys.a(system.o)
                0x800202c0                read
 .text.sbrk     0x800203e0       0xc0 /opt/libdragon/bin/../lib/gcc/mips64-elf/14.2.0/../../../../mips64-elf/lib/libdragonsys.a(system.o)
                0x800203e0                sbrk
 .text.sbrk_top
                0x800204a0       0x80 /opt/libdragon/bin/../lib/gcc/mips64-elf/14.2.0/../../../../mips64-elf/lib/libdragonsys.a(system.o)
                0x800204a0                sbrk_top
 .text.write    0x80020520      0x140 /opt/libdragon/bin/../lib/gcc/mips64-elf/14.2.0/../../../../mips64-elf/lib/libdragonsys.a(system.o)
                0x80020520                write
 .text.__entropy_add
                0x80020660       0x80 /opt/libdragon/bin/../lib/gcc/mips64-elf/14.2.0/../../../../mips64-elf/lib/libdragonsys.a(system.o)
                0x80020660                __entropy_add
 .text.hook_stdio_calls
                0x800206e0       0x60 /opt/libdragon/bin/../lib/gcc/mips64-elf/14.2.0/../../../../mips64-elf/lib/libdragonsys.a(system.o)
                0x800206e0                hook_stdio_calls
 .text._flush_cache
                0x80020740       0x40 /opt/libdragon/bin/../lib/gcc/mips64-elf/14.2.0/../../../../mips64-elf/lib/libdragonsys.a(system.o)
                0x80020740                _flush_cache
 .text.__assert_func
                0x80020780       0x20 /opt/libdragon/bin/../lib/gcc/mips64-elf/14.2.0/../../../../mips64-elf/lib/libdragonsys.a(system.o)
                0x80020780                __assert_func
 .text.__retarget_lock_init_recursive
                0x800207a0       0xa0 /opt/libdragon/bin/../lib/gcc/mips64-elf/14.2.0/../../../../mips64-elf/lib/libdragonsys.a(system.o)
                0x800207a0                __retarget_lock_init_recursive
 .text.__retarget_lock_close_recursive
                0x80020840       0x60 /opt/libdragon/bin/../lib/gcc/mips64-elf/14.2.0/../../../../mips64-elf/lib/libdragonsys.a(system.o)
                0x80020840                __retarget_lock_close_recursive
 .text.__retarget_lock_acquire_recursive
                0x800208a0       0x40 /opt/libdragon/bin/../lib/gcc/mips64-elf/14.2.0/../../../../mips64-elf/lib/libdragonsys.a(system.o)
                0x800208a0                __retarget_lock_acquire_recursive
 .text.__retarget_lock_release_recursive
                0x800208e0       0x20 /opt/libdragon/bin/../lib/gcc/mips64-elf/14.2.0/../../../../mips64-elf/lib/libdragonsys.a(system.o)
                0x800208e0                __retarget_lock_release_recursive
 *(keep.text.*)
 *(.init)
 .init          0x80020900        0x8 /opt/libdragon/bin/../lib/gcc/mips64-elf/14.2.0/crti.o
                0x80020900                _init
 *(.fini)
 .fini          0x80020908        0x8 /opt/libdragon/bin/../lib/gcc/mips64-elf/14.2.0/crti.o
                0x80020908                _fini
 *(.gnu.linkonce.t.*)
                0x80020910                        . = ALIGN (0x10)
                0x80020910                        __text_end = .

.eh_frame_hdr
 *(.eh_frame_hdr)

.eh_frame       0x80020910        0x4
                0x80020910                        __EH_FRAME_BEGIN__ = .
 *(.eh_frame)
 .eh_frame      0x80020910        0x0 /opt/libdragon/bin/../lib/gcc/mips64-elf/14.2.0/crtbegin.o
 .eh_frame      0x80020910        0x4 /opt/libdragon/bin/../lib/gcc/mips64-elf/14.2.0/crtend.o

.gcc_except_table
 *(.gcc_except_table*)

.jcr
 *(.jcr)

.rodata         0x80020918     0x5d38
 *(.rdata)
 *(.rodata)
 .rodata        0x80020918      0x188 /opt/libdragon/bin/../lib/gcc/mips64-elf/14.2.0/../../../../mips64-elf/lib/libc.a(libc_a-vfprintf.o)
 .rodata        0x80020aa0      0x128 /opt/libdragon/bin/../lib/gcc/mips64-elf/14.2.0/../../../../mips64-elf/lib/libc.a(libc_a-mprec.o)
                0x80020ab0                __mprec_tinytens
                0x80020ad8                __mprec_bigtens
                0x80020b00                __mprec_tens
 .rodata        0x80020bc8      0x288 /opt/libdragon/bin/../lib/gcc/mips64-elf/14.2.0/../../../../mips64-elf/lib/libc.a(libc_a-ctype_.o)
                0x80020bc8                _ctype_
                0x80020cd0                _ctype_b
 .rodata        0x80020e50      0x188 /opt/libdragon/bin/../lib/gcc/mips64-elf/14.2.0/../../../../mips64-elf/lib/libc.a(libc_a-svfprintf.o)
 *(.rodata.*)
 .rodata.main.str1.8
                0x80020fd8     0x4186 build/main.o
                                 0x38 (size before relaxing)
 *fill*         0x8002515e        0x2 
 .rodata.RESOLUTION_320x240
                0x80025160       0x18 build/main.o
 .rodata.malloc_uncached_aligned.str1.8
                0x80025178       0x3d /opt/libdragon/bin/../lib/gcc/mips64-elf/14.2.0/../../../../mips64-elf/lib/libdragon.a(n64sys.o)
 .rodata.__func__.1
                0x80025178       0x18 /opt/libdragon/bin/../lib/gcc/mips64-elf/14.2.0/../../../../mips64-elf/lib/libdragon.a(n64sys.o)
 .rodata.__MI_BB_handler.str1.8
                0x80025190      0x18e /opt/libdragon/bin/../lib/gcc/mips64-elf/14.2.0/../../../../mips64-elf/lib/libdragon.a(interrupt.o)
 .rodata.__CART_handler.str1.8
                0x80025190       0x7a /opt/libdragon/bin/../lib/gcc/mips64-elf/14.2.0/../../../../mips64-elf/lib/libdragon.a(interrupt.o)
 .rodata.enable_interrupts.str1.8
                0x80025190       0x3c /opt/libdragon/bin/../lib/gcc/mips64-elf/14.2.0/../../../../mips64-elf/lib/libdragon.a(interrupt.o)
 .rodata.__func__.0
                0x80025190       0x12 /opt/libdragon/bin/../lib/gcc/mips64-elf/14.2.0/../../../../mips64-elf/lib/libdragon.a(interrupt.o)
 *fill*         0x800251a2        0x6 
 .rodata.__func__.3
                0x800251a8        0xf /opt/libdragon/bin/../lib/gcc/mips64-elf/14.2.0/../../../../mips64-elf/lib/libdragon.a(interrupt.o)
 *fill*         0x800251b7        0x1 
 .rodata.__func__.5
                0x800251b8       0x10 /opt/libdragon/bin/../lib/gcc/mips64-elf/14.2.0/../../../../mips64-elf/lib/libdragon.a(interrupt.o)
 .rodata.cb.0.str1.8
                0x800251c8       0x1d /opt/libdragon/bin/../lib/gcc/mips64-elf/14.2.0/../../../../mips64-elf/lib/libdragon.a(debug.o)
 .rodata.debug_assert_func_f.str1.8
                0x800251c8       0x45 /opt/libdragon/bin/../lib/gcc/mips64-elf/14.2.0/../../../../mips64-elf/lib/libdragon.a(debug.o)
 .rodata.debug_hexdump.str1.8
                0x800251c8       0x33 /opt/libdragon/bin/../lib/gcc/mips64-elf/14.2.0/../../../../mips64-elf/lib/libdragon.a(debug.o)
 .rodata.__debug_backtrace.str1.8
                0x800251c8        0xc /opt/libdragon/bin/../lib/gcc/mips64-elf/14.2.0/../../../../mips64-elf/lib/libdragon.a(debug.o)
 .rodata.__open.str1.8
                0x800251c8        0x2 /opt/libdragon/bin/../lib/gcc/mips64-elf/14.2.0/../../../../mips64-elf/lib/libdragon.a(dragonfs.o)
 .rodata.dfs_read.str1.8
                0x800251c8       0x3f /opt/libdragon/bin/../lib/gcc/mips64-elf/14.2.0/../../../../mips64-elf/lib/libdragon.a(dragonfs.o)
 .rodata.dfs_init.str1.8
                0x800251c8       0x8e /opt/libdragon/bin/../lib/gcc/mips64-elf/14.2.0/../../../../mips64-elf/lib/libdragon.a(dragonfs.o)
 .rodata.__func__.0
                0x800251c8       0x16 /opt/libdragon/bin/../lib/gcc/mips64-elf/14.2.0/../../../../mips64-elf/lib/libdragon.a(dragonfs.o)
 *fill*         0x800251de        0x2 
 .rodata.__func__.1
                0x800251e0        0x9 /opt/libdragon/bin/../lib/gcc/mips64-elf/14.2.0/../../../../mips64-elf/lib/libdragon.a(dragonfs.o)
 .rodata.display_show.part.0.str1.8
                0x800251e9       0xf9 /opt/libdragon/bin/../lib/gcc/mips64-elf/14.2.0/../../../../mips64-elf/lib/libdragon.a(display.o)
 .rodata.display_init.str1.8
                0x800251e9      0x251 /opt/libdragon/bin/../lib/gcc/mips64-elf/14.2.0/../../../../mips64-elf/lib/libdragon.a(display.o)
 *fill*         0x800251e9        0x3 
 .rodata.display_init
                0x800251ec       0x14 /opt/libdragon/bin/../lib/gcc/mips64-elf/14.2.0/../../../../mips64-elf/lib/libdragon.a(display.o)
 .rodata.display_get.str1.8
                0x80025200       0x1c /opt/libdragon/bin/../lib/gcc/mips64-elf/14.2.0/../../../../mips64-elf/lib/libdragon.a(display.o)
 .rodata.__func__.1
                0x80025200        0xd /opt/libdragon/bin/../lib/gcc/mips64-elf/14.2.0/../../../../mips64-elf/lib/libdragon.a(display.o)
 *fill*         0x8002520d        0x3 
 .rodata.__func__.3
                0x80025210        0xc /opt/libdragon/bin/../lib/gcc/mips64-elf/14.2.0/../../../../mips64-elf/lib/libdragon.a(display.o)
 *fill*         0x8002521c        0x4 
 .rodata.__func__.8
                0x80025220        0xd /opt/libdragon/bin/../lib/gcc/mips64-elf/14.2.0/../../../../mips64-elf/lib/libdragon.a(display.o)
 *fill*         0x8002522d        0x3 
 .rodata.vi_config_presets
                0x80025230      0x150 /opt/libdragon/bin/../lib/gcc/mips64-elf/14.2.0/../../../../mips64-elf/lib/libdragon.a(display.o)
 .rodata.surface_alloc.str1.8
                0x80025380       0x62 /opt/libdragon/bin/../lib/gcc/mips64-elf/14.2.0/../../../../mips64-elf/lib/libdragon.a(surface.o)
 .rodata.__func__.1
                0x80025380        0xe /opt/libdragon/bin/../lib/gcc/mips64-elf/14.2.0/../../../../mips64-elf/lib/libdragon.a(surface.o)
 .rodata.joypad_get_axis_values.constprop.0.str1.8
                0x8002538e       0x9f /opt/libdragon/bin/../lib/gcc/mips64-elf/14.2.0/../../../../mips64-elf/lib/libdragon.a(joypad.o)
 .rodata.joypad_read_n64_inputs.str1.8
                0x8002538e       0x4b /opt/libdragon/bin/../lib/gcc/mips64-elf/14.2.0/../../../../mips64-elf/lib/libdragon.a(joypad.o)
 *fill*         0x8002538e        0x2 
 .rodata.__func__.3
                0x80025390       0x1b /opt/libdragon/bin/../lib/gcc/mips64-elf/14.2.0/../../../../mips64-elf/lib/libdragon.a(joypad.o)
 *fill*         0x800253ab        0x5 
 .rodata.__func__.18
                0x800253b0        0xc /opt/libdragon/bin/../lib/gcc/mips64-elf/14.2.0/../../../../mips64-elf/lib/libdragon.a(joypad.o)
 *fill*         0x800253bc        0x4 
 .rodata.__func__.19
                0x800253c0        0xc /opt/libdragon/bin/../lib/gcc/mips64-elf/14.2.0/../../../../mips64-elf/lib/libdragon.a(joypad.o)
 *fill*         0x800253cc        0x4 
 .rodata.__func__.20
                0x800253d0        0xd /opt/libdragon/bin/../lib/gcc/mips64-elf/14.2.0/../../../../mips64-elf/lib/libdragon.a(joypad.o)
 *fill*         0x800253dd        0x3 
 .rodata.__func__.21
                0x800253e0       0x10 /opt/libdragon/bin/../lib/gcc/mips64-elf/14.2.0/../../../../mips64-elf/lib/libdragon.a(joypad.o)
 .rodata.joypad_accessory_check_read_crc_error.str1.8
                0x800253f0       0x4f /opt/libdragon/bin/../lib/gcc/mips64-elf/14.2.0/../../../../mips64-elf/lib/libdragon.a(joypad_accessory.o)
 .rodata.joypad_accessory_detect_write_callback
                0x800253f0       0x28 /opt/libdragon/bin/../lib/gcc/mips64-elf/14.2.0/../../../../mips64-elf/lib/libdragon.a(joypad_accessory.o)
 .rodata.joypad_transfer_pak_enable_write_callback.str1.8
                0x80025418       0x33 /opt/libdragon/bin/../lib/gcc/mips64-elf/14.2.0/../../../../mips64-elf/lib/libdragon.a(joypad_accessory.o)
 .rodata.joypad_transfer_pak_wait_timer_init.str1.8
                0x80025418       0x2a /opt/libdragon/bin/../lib/gcc/mips64-elf/14.2.0/../../../../mips64-elf/lib/libdragon.a(joypad_accessory.o)
 .rodata.__func__.3
                0x80025418       0x1e /opt/libdragon/bin/../lib/gcc/mips64-elf/14.2.0/../../../../mips64-elf/lib/libdragon.a(joypad_accessory.o)
 *fill*         0x80025436        0x2 
 .rodata.__func__.4
                0x80025438       0x27 /opt/libdragon/bin/../lib/gcc/mips64-elf/14.2.0/../../../../mips64-elf/lib/libdragon.a(joypad_accessory.o)
 *fill*         0x8002545f        0x1 
 .rodata.__func__.5
                0x80025460       0x2a /opt/libdragon/bin/../lib/gcc/mips64-elf/14.2.0/../../../../mips64-elf/lib/libdragon.a(joypad_accessory.o)
 *fill*         0x8002548a        0x6 
 .rodata.__func__.6
                0x80025490       0x26 /opt/libdragon/bin/../lib/gcc/mips64-elf/14.2.0/../../../../mips64-elf/lib/libdragon.a(joypad_accessory.o)
 *fill*         0x800254b6        0x2 
 .rodata.__func__.7
                0x800254b8       0x24 /opt/libdragon/bin/../lib/gcc/mips64-elf/14.2.0/../../../../mips64-elf/lib/libdragon.a(joypad_accessory.o)
 *fill*         0x800254dc        0x4 
 .rodata.__font_data
                0x800254e0      0x800 /opt/libdragon/bin/../lib/gcc/mips64-elf/14.2.0/../../../../mips64-elf/lib/libdragon.a(graphics.o)
 .rodata.rsp_load_code.str1.8
                0x80025ce0       0x47 /opt/libdragon/bin/../lib/gcc/mips64-elf/14.2.0/../../../../mips64-elf/lib/libdragon.a(rsp.o)
 .rodata.rsp_load_data.str1.8
                0x80025ce0       0x17 /opt/libdragon/bin/../lib/gcc/mips64-elf/14.2.0/../../../../mips64-elf/lib/libdragon.a(rsp.o)
 .rodata.__rsp_crash.str1.8
                0x80025ce0      0x7ef /opt/libdragon/bin/../lib/gcc/mips64-elf/14.2.0/../../../../mips64-elf/lib/libdragon.a(rsp.o)
 .rodata.rsp_wait.str1.8
                0x80025ce0       0x1c /opt/libdragon/bin/../lib/gcc/mips64-elf/14.2.0/../../../../mips64-elf/lib/libdragon.a(rsp.o)
 .rodata.__func__.0
                0x80025ce0        0x9 /opt/libdragon/bin/../lib/gcc/mips64-elf/14.2.0/../../../../mips64-elf/lib/libdragon.a(rsp.o)
 *fill*         0x80025ce9        0x7 
 .rodata.__func__.1
                0x80025cf0        0xe /opt/libdragon/bin/../lib/gcc/mips64-elf/14.2.0/../../../../mips64-elf/lib/libdragon.a(rsp.o)
 *fill*         0x80025cfe        0x2 
 .rodata.__func__.2
                0x80025d00        0xe /opt/libdragon/bin/../lib/gcc/mips64-elf/14.2.0/../../../../mips64-elf/lib/libdragon.a(rsp.o)
 *fill*         0x80025d0e        0x2 
 .rodata.__func__.3
                0x80025d10        0xe /opt/libdragon/bin/../lib/gcc/mips64-elf/14.2.0/../../../../mips64-elf/lib/libdragon.a(rsp.o)
 *fill*         0x80025d1e        0x2 
 .rodata.__func__.4
                0x80025d20        0xe /opt/libdragon/bin/../lib/gcc/mips64-elf/14.2.0/../../../../mips64-elf/lib/libdragon.a(rsp.o)
 .rodata.str1.8
                0x80025d2e        0xa /opt/libdragon/bin/../lib/gcc/mips64-elf/14.2.0/../../../../mips64-elf/lib/libdragon.a(rsp.o)
 .rodata.cb.2.str1.8
                0x80025d2e       0x22 /opt/libdragon/bin/../lib/gcc/mips64-elf/14.2.0/../../../../mips64-elf/lib/libdragon.a(inspector.o)
 .rodata.cb.1.str1.8
                0x80025d2e        0xc /opt/libdragon/bin/../lib/gcc/mips64-elf/14.2.0/../../../../mips64-elf/lib/libdragon.a(inspector.o)
 .rodata.inspector_print_backtrace.str1.8
                0x80025d2e       0x1c /opt/libdragon/bin/../lib/gcc/mips64-elf/14.2.0/../../../../mips64-elf/lib/libdragon.a(inspector.o)
 .rodata.cb.0.str1.8
                0x80025d2e       0x27 /opt/libdragon/bin/../lib/gcc/mips64-elf/14.2.0/../../../../mips64-elf/lib/libdragon.a(inspector.o)
 .rodata.cb.3.str1.8
                0x80025d2e       0x2a /opt/libdragon/bin/../lib/gcc/mips64-elf/14.2.0/../../../../mips64-elf/lib/libdragon.a(inspector.o)
 *fill*         0x80025d2e        0x2 
 .rodata.inspector_stdout
                0x80025d30       0x54 /opt/libdragon/bin/../lib/gcc/mips64-elf/14.2.0/../../../../mips64-elf/lib/libdragon.a(inspector.o)
 .rodata.mips_disasm.str1.8
                0x80025d84      0x1ce /opt/libdragon/bin/../lib/gcc/mips64-elf/14.2.0/../../../../mips64-elf/lib/libdragon.a(inspector.o)
 .rodata.mips_disasm
                0x80025d84       0xc0 /opt/libdragon/bin/../lib/gcc/mips64-elf/14.2.0/../../../../mips64-elf/lib/libdragon.a(inspector.o)
 .rodata.inspector.str1.8
                0x80025e44      0x33c /opt/libdragon/bin/../lib/gcc/mips64-elf/14.2.0/../../../../mips64-elf/lib/libdragon.a(inspector.o)
 .rodata.inspector
                0x80025e44       0x18 /opt/libdragon/bin/../lib/gcc/mips64-elf/14.2.0/../../../../mips64-elf/lib/libdragon.a(inspector.o)
 .rodata.str1.8
                0x80025e5c      0x69b /opt/libdragon/bin/../lib/gcc/mips64-elf/14.2.0/../../../../mips64-elf/lib/libdragon.a(inspector.o)
 *fill*         0x80025e5c        0x4 
 .rodata.CSWTCH.159
                0x80025e60       0x14 /opt/libdragon/bin/../lib/gcc/mips64-elf/14.2.0/../../../../mips64-elf/lib/libdragon.a(inspector.o)
 *fill*         0x80025e74        0x4 
 .rodata.fpu_ops.7
                0x80025e78      0x100 /opt/libdragon/bin/../lib/gcc/mips64-elf/14.2.0/../../../../mips64-elf/lib/libdragon.a(inspector.o)
 .rodata.special.8
                0x80025f78      0x100 /opt/libdragon/bin/../lib/gcc/mips64-elf/14.2.0/../../../../mips64-elf/lib/libdragon.a(inspector.o)
 .rodata.ops.9  0x80026078      0x100 /opt/libdragon/bin/../lib/gcc/mips64-elf/14.2.0/../../../../mips64-elf/lib/libdragon.a(inspector.o)
 .rodata.RESOLUTION_640x240
                0x80026178       0x18 /opt/libdragon/bin/../lib/gcc/mips64-elf/14.2.0/../../../../mips64-elf/lib/libdragon.a(inspector.o)
 .rodata.dma_write_raw_async.part.0.str1.8
                0x80026190       0x12 /opt/libdragon/bin/../lib/gcc/mips64-elf/14.2.0/../../../../mips64-elf/lib/libdragon.a(dma.o)
 .rodata.dma_read_async.str1.8
                0x80026190       0x8d /opt/libdragon/bin/../lib/gcc/mips64-elf/14.2.0/../../../../mips64-elf/lib/libdragon.a(dma.o)
 .rodata.__func__.0
                0x80026190        0xf /opt/libdragon/bin/../lib/gcc/mips64-elf/14.2.0/../../../../mips64-elf/lib/libdragon.a(dma.o)
 .rodata.timer_poll.str1.8
                0x8002619f       0x89 /opt/libdragon/bin/../lib/gcc/mips64-elf/14.2.0/../../../../mips64-elf/lib/libdragon.a(timer.o)
 .rodata.new_timer.str1.8
                0x8002619f       0x35 /opt/libdragon/bin/../lib/gcc/mips64-elf/14.2.0/../../../../mips64-elf/lib/libdragon.a(timer.o)
 *fill*         0x8002619f        0x1 
 .rodata.__func__.3
                0x800261a0        0xb /opt/libdragon/bin/../lib/gcc/mips64-elf/14.2.0/../../../../mips64-elf/lib/libdragon.a(timer.o)
 *fill*         0x800261ab        0x5 
 .rodata.__func__.6
                0x800261b0       0x12 /opt/libdragon/bin/../lib/gcc/mips64-elf/14.2.0/../../../../mips64-elf/lib/libdragon.a(timer.o)
 *fill*         0x800261c2        0x6 
 .rodata.__func__.8
                0x800261c8        0xb /opt/libdragon/bin/../lib/gcc/mips64-elf/14.2.0/../../../../mips64-elf/lib/libdragon.a(timer.o)
 .rodata.cb.0.str1.8
                0x800261d3       0x17 /opt/libdragon/bin/../lib/gcc/mips64-elf/14.2.0/../../../../mips64-elf/lib/libdragon.a(exception.o)
 .rodata.cb.1.str1.8
                0x800261d3       0x19 /opt/libdragon/bin/../lib/gcc/mips64-elf/14.2.0/../../../../mips64-elf/lib/libdragon.a(exception.o)
 .rodata.__get_exception_name.isra.0.str1.8
                0x800261d3      0x3c6 /opt/libdragon/bin/../lib/gcc/mips64-elf/14.2.0/../../../../mips64-elf/lib/libdragon.a(exception.o)
 *fill*         0x800261d3        0x1 
 .rodata.__get_exception_name.isra.0
                0x800261d4       0x40 /opt/libdragon/bin/../lib/gcc/mips64-elf/14.2.0/../../../../mips64-elf/lib/libdragon.a(exception.o)
 .rodata.__exception_dump_header.str1.8
                0x80026214      0x1a5 /opt/libdragon/bin/../lib/gcc/mips64-elf/14.2.0/../../../../mips64-elf/lib/libdragon.a(exception.o)
 .rodata.__exception_dump_header
                0x80026214       0x60 /opt/libdragon/bin/../lib/gcc/mips64-elf/14.2.0/../../../../mips64-elf/lib/libdragon.a(exception.o)
 .rodata.__exception_dump_gpr.str1.8
                0x80026274       0x34 /opt/libdragon/bin/../lib/gcc/mips64-elf/14.2.0/../../../../mips64-elf/lib/libdragon.a(exception.o)
 .rodata.__exception_dump_fpr.str1.8
                0x80026274       0x3e /opt/libdragon/bin/../lib/gcc/mips64-elf/14.2.0/../../../../mips64-elf/lib/libdragon.a(exception.o)
 .rodata.exception_default_handler.str1.8
                0x80026274       0x3e /opt/libdragon/bin/../lib/gcc/mips64-elf/14.2.0/../../../../mips64-elf/lib/libdragon.a(exception.o)
 .rodata.register_syscall_handler.str1.8
                0x80026274      0x143 /opt/libdragon/bin/../lib/gcc/mips64-elf/14.2.0/../../../../mips64-elf/lib/libdragon.a(exception.o)
 *fill*         0x80026274        0x4 
 .rodata.__func__.2
                0x80026278       0x19 /opt/libdragon/bin/../lib/gcc/mips64-elf/14.2.0/../../../../mips64-elf/lib/libdragon.a(exception.o)
 .rodata.str1.8
                0x80026291      0x166 /opt/libdragon/bin/../lib/gcc/mips64-elf/14.2.0/../../../../mips64-elf/lib/libdragon.a(exception.o)
 *fill*         0x80026291        0x7 
 .rodata.exceptionMap.3
                0x80026298       0x80 /opt/libdragon/bin/../lib/gcc/mips64-elf/14.2.0/../../../../mips64-elf/lib/libdragon.a(exception.o)
 .rodata.__do_global_ctors.str1.8
                0x80026318       0xa1 /opt/libdragon/bin/../lib/gcc/mips64-elf/14.2.0/../../../../mips64-elf/lib/libdragon.a(do_ctors.o)
 .rodata.__wrap___do_global_ctors.str1.8
                0x80026318       0xbb /opt/libdragon/bin/../lib/gcc/mips64-elf/14.2.0/../../../../mips64-elf/lib/libdragon.a(do_ctors.o)
 .rodata.__func__.0
                0x80026318       0x19 /opt/libdragon/bin/../lib/gcc/mips64-elf/14.2.0/../../../../mips64-elf/lib/libdragon.a(do_ctors.o)
 .rodata.rspq_switch_buffer.part.0.str1.8
                0x80026331       0x30 /opt/libdragon/bin/../lib/gcc/mips64-elf/14.2.0/../../../../mips64-elf/lib/libdragon.a(rspq.o)
 .rodata.rspq_crash_handler.str1.8
                0x80026331      0x15e /opt/libdragon/bin/../lib/gcc/mips64-elf/14.2.0/../../../../mips64-elf/lib/libdragon.a(rspq.o)
 .rodata.rspq_assert_handler.str1.8
                0x80026331       0x6f /opt/libdragon/bin/../lib/gcc/mips64-elf/14.2.0/../../../../mips64-elf/lib/libdragon.a(rspq.o)
 .rodata.rspq_init.str1.8
                0x80026331       0xbc /opt/libdragon/bin/../lib/gcc/mips64-elf/14.2.0/../../../../mips64-elf/lib/libdragon.a(rspq.o)
 .rodata.rspq_highpri_begin.str1.8
                0x80026331       0x75 /opt/libdragon/bin/../lib/gcc/mips64-elf/14.2.0/../../../../mips64-elf/lib/libdragon.a(rspq.o)
 .rodata.rspq_highpri_end.str1.8
                0x80026331       0x2c /opt/libdragon/bin/../lib/gcc/mips64-elf/14.2.0/../../../../mips64-elf/lib/libdragon.a(rspq.o)
 .rodata.rspq_block_free.str1.8
                0x80026331       0x34 /opt/libdragon/bin/../lib/gcc/mips64-elf/14.2.0/../../../../mips64-elf/lib/libdragon.a(rspq.o)
 .rodata.rspq_next_buffer.str1.8
                0x80026331       0x51 /opt/libdragon/bin/../lib/gcc/mips64-elf/14.2.0/../../../../mips64-elf/lib/libdragon.a(rspq.o)
 .rodata.rspq_syncpoint_new.str1.8
                0x80026331       0x4b /opt/libdragon/bin/../lib/gcc/mips64-elf/14.2.0/../../../../mips64-elf/lib/libdragon.a(rspq.o)
 .rodata.rspq_overlay_register_internal.str1.8
                0x80026331      0x37b /opt/libdragon/bin/../lib/gcc/mips64-elf/14.2.0/../../../../mips64-elf/lib/libdragon.a(rspq.o)
 .rodata.rspq_overlay_register_static.str1.8
                0x80026331       0x81 /opt/libdragon/bin/../lib/gcc/mips64-elf/14.2.0/../../../../mips64-elf/lib/libdragon.a(rspq.o)
 .rodata.rspq_syncpoint_wait.str1.8
                0x80026331       0x52 /opt/libdragon/bin/../lib/gcc/mips64-elf/14.2.0/../../../../mips64-elf/lib/libdragon.a(rspq.o)
 .rodata.rspq_overlay_get_state.str1.8
                0x80026331      0x11d /opt/libdragon/bin/../lib/gcc/mips64-elf/14.2.0/../../../../mips64-elf/lib/libdragon.a(rspq.o)
 *fill*         0x80026331        0x7 
 .rodata.__func__.1
                0x80026338        0xa /opt/libdragon/bin/../lib/gcc/mips64-elf/14.2.0/../../../../mips64-elf/lib/libdragon.a(rspq.o)
 *fill*         0x80026342        0x6 
 .rodata.__func__.3
                0x80026348       0x14 /opt/libdragon/bin/../lib/gcc/mips64-elf/14.2.0/../../../../mips64-elf/lib/libdragon.a(rspq.o)
 *fill*         0x8002635c        0x4 
 .rodata.__func__.4
                0x80026360       0x13 /opt/libdragon/bin/../lib/gcc/mips64-elf/14.2.0/../../../../mips64-elf/lib/libdragon.a(rspq.o)
 *fill*         0x80026373        0x5 
 .rodata.__func__.11
                0x80026378       0x11 /opt/libdragon/bin/../lib/gcc/mips64-elf/14.2.0/../../../../mips64-elf/lib/libdragon.a(rspq.o)
 *fill*         0x80026389        0x7 
 .rodata.__func__.12
                0x80026390       0x13 /opt/libdragon/bin/../lib/gcc/mips64-elf/14.2.0/../../../../mips64-elf/lib/libdragon.a(rspq.o)
 *fill*         0x800263a3        0x5 
 .rodata.__func__.13
                0x800263a8       0x13 /opt/libdragon/bin/../lib/gcc/mips64-elf/14.2.0/../../../../mips64-elf/lib/libdragon.a(rspq.o)
 *fill*         0x800263bb        0x5 
 .rodata.__func__.14
                0x800263c0       0x11 /opt/libdragon/bin/../lib/gcc/mips64-elf/14.2.0/../../../../mips64-elf/lib/libdragon.a(rspq.o)
 *fill*         0x800263d1        0x7 
 .rodata.__func__.16
                0x800263d8       0x1d /opt/libdragon/bin/../lib/gcc/mips64-elf/14.2.0/../../../../mips64-elf/lib/libdragon.a(rspq.o)
 *fill*         0x800263f5        0x3 
 .rodata.__func__.17
                0x800263f8       0x1f /opt/libdragon/bin/../lib/gcc/mips64-elf/14.2.0/../../../../mips64-elf/lib/libdragon.a(rspq.o)
 *fill*         0x80026417        0x1 
 .rodata.__func__.18
                0x80026418       0x1f /opt/libdragon/bin/../lib/gcc/mips64-elf/14.2.0/../../../../mips64-elf/lib/libdragon.a(rspq.o)
 *fill*         0x80026437        0x1 
 .rodata.__func__.19
                0x80026438       0x12 /opt/libdragon/bin/../lib/gcc/mips64-elf/14.2.0/../../../../mips64-elf/lib/libdragon.a(rspq.o)
 *fill*         0x8002644a        0x6 
 .rodata.__func__.21
                0x80026450        0xa /opt/libdragon/bin/../lib/gcc/mips64-elf/14.2.0/../../../../mips64-elf/lib/libdragon.a(rspq.o)
 .rodata.str1.8
                0x8002645a        0xa /opt/libdragon/bin/../lib/gcc/mips64-elf/14.2.0/../../../../mips64-elf/lib/libdragon.a(rspq.o)
 .rodata.__rdpq_interrupt.str1.8
                0x8002645a       0x51 /opt/libdragon/bin/../lib/gcc/mips64-elf/14.2.0/../../../../mips64-elf/lib/libdragon.a(rdpq.o)
 .rodata.rdpq_assert_handler.str1.8
                0x8002645a      0x18f /opt/libdragon/bin/../lib/gcc/mips64-elf/14.2.0/../../../../mips64-elf/lib/libdragon.a(rdpq.o)
 *fill*         0x8002645a        0x2 
 .rodata.rdpq_assert_handler
                0x8002645c       0x1c /opt/libdragon/bin/../lib/gcc/mips64-elf/14.2.0/../../../../mips64-elf/lib/libdragon.a(rdpq.o)
 .rodata.__rdpq_block_next_buffer.str1.8
                0x80026478      0x108 /opt/libdragon/bin/../lib/gcc/mips64-elf/14.2.0/../../../../mips64-elf/lib/libdragon.a(rdpq.o)
 .rodata.__rdpq_block_update.str1.8
                0x80026478       0x70 /opt/libdragon/bin/../lib/gcc/mips64-elf/14.2.0/../../../../mips64-elf/lib/libdragon.a(rdpq.o)
 .rodata.rdpq_init.str1.8
                0x80026478       0x5a /opt/libdragon/bin/../lib/gcc/mips64-elf/14.2.0/../../../../mips64-elf/lib/libdragon.a(rdpq.o)
 .rodata.__func__.4
                0x80026478       0x14 /opt/libdragon/bin/../lib/gcc/mips64-elf/14.2.0/../../../../mips64-elf/lib/libdragon.a(rdpq.o)
 *fill*         0x8002648c        0x4 
 .rodata.__func__.5
                0x80026490       0x19 /opt/libdragon/bin/../lib/gcc/mips64-elf/14.2.0/../../../../mips64-elf/lib/libdragon.a(rdpq.o)
 *fill*         0x800264a9        0x7 
 .rodata.__func__.7
                0x800264b0       0x11 /opt/libdragon/bin/../lib/gcc/mips64-elf/14.2.0/../../../../mips64-elf/lib/libdragon.a(rdpq.o)
 *fill*         0x800264c1        0x7 
 .rodata.__func__.8
                0x800264c8        0xa /opt/libdragon/bin/../lib/gcc/mips64-elf/14.2.0/../../../../mips64-elf/lib/libdragon.a(rdpq.o)
 .rodata.str1.8
                0x800264d2        0x9 /opt/libdragon/bin/../lib/gcc/mips64-elf/14.2.0/../../../../mips64-elf/lib/libdragon.a(rdpq.o)
 .rodata.__thlist_add.part.0.str1.8
                0x800264d2       0x34 /opt/libdragon/bin/../lib/gcc/mips64-elf/14.2.0/../../../../mips64-elf/lib/libdragon.a(kernel.o)
 .rodata.__kthread_check_overflow.str1.8
                0x800264d2       0xf2 /opt/libdragon/bin/../lib/gcc/mips64-elf/14.2.0/../../../../mips64-elf/lib/libdragon.a(kernel.o)
 .rodata.__thlist_pop.str1.8
                0x800264d2       0x3a /opt/libdragon/bin/../lib/gcc/mips64-elf/14.2.0/../../../../mips64-elf/lib/libdragon.a(kernel.o)
 .rodata.__kthread_syscall_schedule.str1.8
                0x800264d2      0x19f /opt/libdragon/bin/../lib/gcc/mips64-elf/14.2.0/../../../../mips64-elf/lib/libdragon.a(kernel.o)
 .rodata.__kthread_new_internal.str1.8
                0x800264d2       0x33 /opt/libdragon/bin/../lib/gcc/mips64-elf/14.2.0/../../../../mips64-elf/lib/libdragon.a(kernel.o)
 .rodata.kmutex_init.str1.8
                0x800264d2        0x6 /opt/libdragon/bin/../lib/gcc/mips64-elf/14.2.0/../../../../mips64-elf/lib/libdragon.a(kernel.o)
 .rodata.kmutex_destroy.str1.8
                0x800264d2       0x89 /opt/libdragon/bin/../lib/gcc/mips64-elf/14.2.0/../../../../mips64-elf/lib/libdragon.a(kernel.o)
 .rodata.kmutex_lock.str1.8
                0x800264d2       0x4d /opt/libdragon/bin/../lib/gcc/mips64-elf/14.2.0/../../../../mips64-elf/lib/libdragon.a(kernel.o)
 .rodata.kmutex_unlock.str1.8
                0x800264d2       0xaf /opt/libdragon/bin/../lib/gcc/mips64-elf/14.2.0/../../../../mips64-elf/lib/libdragon.a(kernel.o)
 .rodata.kcond_wait.str1.8
                0x800264d2       0x88 /opt/libdragon/bin/../lib/gcc/mips64-elf/14.2.0/../../../../mips64-elf/lib/libdragon.a(kernel.o)
 *fill*         0x800264d2        0x6 
 .rodata.__func__.4
                0x800264d8        0xb /opt/libdragon/bin/../lib/gcc/mips64-elf/14.2.0/../../../../mips64-elf/lib/libdragon.a(kernel.o)
 *fill*         0x800264e3        0x5 
 .rodata.__func__.6
                0x800264e8        0xe /opt/libdragon/bin/../lib/gcc/mips64-elf/14.2.0/../../../../mips64-elf/lib/libdragon.a(kernel.o)
 *fill*         0x800264f6        0x2 
 .rodata.__func__.8
                0x800264f8        0xc /opt/libdragon/bin/../lib/gcc/mips64-elf/14.2.0/../../../../mips64-elf/lib/libdragon.a(kernel.o)
 *fill*         0x80026504        0x4 
 .rodata.__func__.9
                0x80026508        0xf /opt/libdragon/bin/../lib/gcc/mips64-elf/14.2.0/../../../../mips64-elf/lib/libdragon.a(kernel.o)
 *fill*         0x80026517        0x1 
 .rodata.__func__.10
                0x80026518        0xc /opt/libdragon/bin/../lib/gcc/mips64-elf/14.2.0/../../../../mips64-elf/lib/libdragon.a(kernel.o)
 *fill*         0x80026524        0x4 
 .rodata.__func__.18
                0x80026528       0x1b /opt/libdragon/bin/../lib/gcc/mips64-elf/14.2.0/../../../../mips64-elf/lib/libdragon.a(kernel.o)
 *fill*         0x80026543        0x5 
 .rodata.__func__.19
                0x80026548        0xd /opt/libdragon/bin/../lib/gcc/mips64-elf/14.2.0/../../../../mips64-elf/lib/libdragon.a(kernel.o)
 *fill*         0x80026555        0x3 
 .rodata.__func__.20
                0x80026558        0xd /opt/libdragon/bin/../lib/gcc/mips64-elf/14.2.0/../../../../mips64-elf/lib/libdragon.a(kernel.o)
 *fill*         0x80026565        0x3 
 .rodata.__func__.21
                0x80026568       0x19 /opt/libdragon/bin/../lib/gcc/mips64-elf/14.2.0/../../../../mips64-elf/lib/libdragon.a(kernel.o)
 .rodata.symt_open.str1.8
                0x80026581       0xc3 /opt/libdragon/bin/../lib/gcc/mips64-elf/14.2.0/../../../../mips64-elf/lib/libdragon.a(backtrace.o)
 .rodata.symt_addrtab_entry.isra.0.str1.8
                0x80026581       0x38 /opt/libdragon/bin/../lib/gcc/mips64-elf/14.2.0/../../../../mips64-elf/lib/libdragon.a(backtrace.o)
 .rodata.format_entry.str1.8
                0x80026581       0x14 /opt/libdragon/bin/../lib/gcc/mips64-elf/14.2.0/../../../../mips64-elf/lib/libdragon.a(backtrace.o)
 .rodata.__symbolize.str1.8
                0x80026581       0x13 /opt/libdragon/bin/../lib/gcc/mips64-elf/14.2.0/../../../../mips64-elf/lib/libdragon.a(backtrace.o)
 .rodata.__bt_analyze_func.str1.8
                0x80026581       0x42 /opt/libdragon/bin/../lib/gcc/mips64-elf/14.2.0/../../../../mips64-elf/lib/libdragon.a(backtrace.o)
 .rodata.backtrace_foreach.constprop.0.str1.8
                0x80026581       0x81 /opt/libdragon/bin/../lib/gcc/mips64-elf/14.2.0/../../../../mips64-elf/lib/libdragon.a(backtrace.o)
 .rodata.backtrace_symbols_cb.str1.8
                0x80026581       0x22 /opt/libdragon/bin/../lib/gcc/mips64-elf/14.2.0/../../../../mips64-elf/lib/libdragon.a(backtrace.o)
 .rodata.backtrace_frame_print.str1.8
                0x80026581       0x35 /opt/libdragon/bin/../lib/gcc/mips64-elf/14.2.0/../../../../mips64-elf/lib/libdragon.a(backtrace.o)
 .rodata.backtrace_frame_print_compact.str1.8